Component: ARM Compiler 5.06 update 5 (build 528) Tool: armlink [4d35e2]

==============================================================================

Section Cross References

    stm32f10x_it.o(i.SysTick_Handler) refers to cyctask.o(i.FrequencySweep) for FrequencySweep
    stm32f10x_it.o(i.SysTick_Handler) refers to displaytask.o(i.DigTubeDisplay) for DigTubeDisplay
    stm32f10x_it.o(i.SysTick_Handler) refers to bsp_ostask.o(.data) for gTaskCfgMgEvent
    stm32f10x_it.o(i.SysTick_Handler) refers to cyctask.o(.data) for search_flag
    stm32f10x_it.o(i.SysTick_Handler) refers to stm32f10x_it.o(.data) for cntt
    stm32f10x_it.o(i.USART2_IRQHandler) refers to bsp_uart.o(.data) for gSerialMgEvent
    main.o(i.App_ObjCreate) refers to bsp_adc.o(i.Init_ADC1) for Init_ADC1
    main.o(i.App_ObjCreate) refers to bsp_ad9833.o(i.AD9833_Init_GPIO) for AD9833_Init_GPIO
    main.o(i.App_ObjCreate) refers to bsp_595.o(i.HC595_GPIO_Config) for HC595_GPIO_Config
    main.o(i.App_ObjCreate) refers to touchswitchtask.o(i.TouchIOInit) for TouchIOInit
    main.o(i.App_ObjCreate) refers to touchswitchtask.o(i.SwitchIOInit) for SwitchIOInit
    main.o(i.App_ObjCreate) refers to bsp_pwm.o(i.TIM3_PWM_Init) for TIM3_PWM_Init
    main.o(i.App_ObjCreate) refers to bsp_pwm.o(i.SetPwmDuty) for SetPwmDuty
    main.o(i.App_ObjCreate) refers to bsp_pwm.o(i.TIM3_PWM_Open) for TIM3_PWM_Open
    main.o(i.App_TaskCreate) refers to cyctask.o(i.CycTask_Creat) for CycTask_Creat
    main.o(i.App_TaskCreate) refers to displaytask.o(i.DisplayTask_Creat) for DisplayTask_Creat
    main.o(i.App_TaskCreate) refers to touchswitchtask.o(i.TouchTask_Creat) for TouchTask_Creat
    main.o(i.BSP_SysInit) refers to main.o(i.SetVector) for SetVector
    main.o(i.BSP_SysInit) refers to main.o(i.RCC_Configuration) for RCC_Configuration
    main.o(i.BSP_SysInit) refers to stm32f10x_rcc.o(i.RCC_APB2PeriphClockCmd) for RCC_APB2PeriphClockCmd
    main.o(i.BSP_SysInit) refers to stm32f10x_gpio.o(i.GPIO_PinRemapConfig) for GPIO_PinRemapConfig
    main.o(i.BSP_SysInit) refers to stm32f10x_rcc.o(i.RCC_APB1PeriphClockCmd) for RCC_APB1PeriphClockCmd
    main.o(i.RCC_Configuration) refers to system_stm32f10x.o(i.SystemInit) for SystemInit
    main.o(i.SetVector) refers to misc.o(i.NVIC_SetVectorTable) for NVIC_SetVectorTable
    main.o(i.main) refers to stm32f10x_gpio.o(i.GPIO_ResetBits) for GPIO_ResetBits
    main.o(i.main) refers to main.o(i.BSP_SysInit) for BSP_SysInit
    main.o(i.main) refers to main.o(i.App_ObjCreate) for App_ObjCreate
    main.o(i.main) refers to main.o(i.App_TaskCreate) for App_TaskCreate
    main.o(i.main) refers to bsp_flash.o(i.falshCheck) for falshCheck
    main.o(i.main) refers to stm32f10x_gpio.o(i.GPIO_ReadInputDataBit) for GPIO_ReadInputDataBit
    main.o(i.main) refers to main.o(i.delay_ms) for delay_ms
    main.o(i.main) refers to displaytask.o(i.SetDisplayType) for SetDisplayType
    main.o(i.main) refers to bsp_595.o(i.HC595_Send_Multi_Byte) for HC595_Send_Multi_Byte
    main.o(i.main) refers to touchswitchtask.o(.data) for SystemState
    main.o(i.main) refers to cyctask.o(.data) for PWRFlag
    main.o(i.main) refers to displaytask.o(.data) for LedBuff
    main.o(i.main) refers to system_stm32f10x.o(.data) for SystemCoreClock
    main.o(i.main) refers to bsp_ostask.o(.data) for gTaskCfgMgEvent
    stm32f10x_rcc.o(i.RCC_GetClocksFreq) refers to stm32f10x_rcc.o(.data) for APBAHBPrescTable
    stm32f10x_rcc.o(i.RCC_WaitForHSEStartUp) refers to stm32f10x_rcc.o(i.RCC_GetFlagStatus) for RCC_GetFlagStatus
    stm32f10x_gpio.o(i.GPIO_AFIODeInit) refers to stm32f10x_rcc.o(i.RCC_APB2PeriphResetCmd) for RCC_APB2PeriphResetCmd
    stm32f10x_gpio.o(i.GPIO_DeInit) refers to stm32f10x_rcc.o(i.RCC_APB2PeriphResetCmd) for RCC_APB2PeriphResetCmd
    stm32f10x_spi.o(i.I2S_Init) refers to stm32f10x_rcc.o(i.RCC_GetClocksFreq) for RCC_GetClocksFreq
    stm32f10x_spi.o(i.SPI_I2S_DeInit) refers to stm32f10x_rcc.o(i.RCC_APB2PeriphResetCmd) for RCC_APB2PeriphResetCmd
    stm32f10x_spi.o(i.SPI_I2S_DeInit) refers to stm32f10x_rcc.o(i.RCC_APB1PeriphResetCmd) for RCC_APB1PeriphResetCmd
    stm32f10x_usart.o(i.USART_DeInit) refers to stm32f10x_rcc.o(i.RCC_APB2PeriphResetCmd) for RCC_APB2PeriphResetCmd
    stm32f10x_usart.o(i.USART_DeInit) refers to stm32f10x_rcc.o(i.RCC_APB1PeriphResetCmd) for RCC_APB1PeriphResetCmd
    stm32f10x_usart.o(i.USART_Init) refers to stm32f10x_rcc.o(i.RCC_GetClocksFreq) for RCC_GetClocksFreq
    stm32f10x_i2c.o(i.I2C_DeInit) refers to stm32f10x_rcc.o(i.RCC_APB1PeriphResetCmd) for RCC_APB1PeriphResetCmd
    stm32f10x_i2c.o(i.I2C_Init) refers to stm32f10x_rcc.o(i.RCC_GetClocksFreq) for RCC_GetClocksFreq
    stm32f10x_adc.o(i.ADC_DeInit) refers to stm32f10x_rcc.o(i.RCC_APB2PeriphResetCmd) for RCC_APB2PeriphResetCmd
    stm32f10x_bkp.o(i.BKP_DeInit) refers to stm32f10x_rcc.o(i.RCC_BackupResetCmd) for RCC_BackupResetCmd
    stm32f10x_can.o(i.CAN_DeInit) refers to stm32f10x_rcc.o(i.RCC_APB1PeriphResetCmd) for RCC_APB1PeriphResetCmd
[...]
    Removing stm32f10x_wwdg.o(i.WWDG_ClearFlag), (12 bytes).
    Removing stm32f10x_wwdg.o(i.WWDG_DeInit), (22 bytes).
    Removing stm32f10x_wwdg.o(i.WWDG_Enable), (16 bytes).
    Removing stm32f10x_wwdg.o(i.WWDG_EnableIT), (12 bytes).
    Removing stm32f10x_wwdg.o(i.WWDG_GetFlagStatus), (12 bytes).
    Removing stm32f10x_wwdg.o(i.WWDG_SetCounter), (16 bytes).
    Removing stm32f10x_wwdg.o(i.WWDG_SetPrescaler), (24 bytes).
    Removing stm32f10x_wwdg.o(i.WWDG_SetWindowValue), (40 bytes).
    Removing core_cm3.o(.emb_text), (32 bytes).
    Removing system_stm32f10x.o(i.SystemCoreClockUpdate), (164 bytes).
    Removing stm32_eval.o(i.LM75_LowLevel_DeInit), (84 bytes).
    Removing stm32_eval.o(i.LM75_LowLevel_Init), (84 bytes).
    Removing stm32_eval.o(i.SD_LowLevel_DeInit), (124 bytes).
    Removing stm32_eval.o(i.SD_LowLevel_Init), (216 bytes).
    Removing stm32_eval.o(i.STM_EVAL_COMInit), (188 bytes).
    Removing stm32_eval.o(i.STM_EVAL_LEDInit), (64 bytes).
    Removing stm32_eval.o(i.STM_EVAL_LEDOff), (24 bytes).
    Removing stm32_eval.o(i.STM_EVAL_LEDOn), (24 bytes).
    Removing stm32_eval.o(i.STM_EVAL_LEDToggle), (36 bytes).
    Removing stm32_eval.o(i.STM_EVAL_PBGetState), (32 bytes).
    Removing stm32_eval.o(i.STM_EVAL_PBInit), (176 bytes).
    Removing stm32_eval.o(i.sFLASH_LowLevel_DeInit), (100 bytes).
    Removing stm32_eval.o(i.sFLASH_LowLevel_Init), (104 bytes).
    Removing stm32_eval.o(.constdata), (168 bytes).
    Removing stm32_eval.o(.data), (72 bytes).
    Removing stm32_eval_spi_sd.o(i.SD_DeInit), (8 bytes).
    Removing stm32_eval_spi_sd.o(i.SD_Detect), (32 bytes).
    Removing stm32_eval_spi_sd.o(i.SD_GetCIDRegister), (268 bytes).
    Removing stm32_eval_spi_sd.o(i.SD_GetCSDRegister), (524 bytes).
    Removing stm32_eval_spi_sd.o(i.SD_GetCardInfo), (64 bytes).
    Removing stm32_eval_spi_sd.o(i.SD_GetDataResponse), (76 bytes).
    Removing stm32_eval_spi_sd.o(i.SD_GetResponse), (34 bytes).
    Removing stm32_eval_spi_sd.o(i.SD_GetStatus), (64 bytes).
    Removing stm32_eval_spi_sd.o(i.SD_GoIdleState), (108 bytes).
    Removing stm32_eval_spi_sd.o(i.SD_Init), (44 bytes).
    Removing stm32_eval_spi_sd.o(i.SD_ReadBlock), (108 bytes).
    Removing stm32_eval_spi_sd.o(i.SD_ReadByte), (56 bytes).
    Removing stm32_eval_spi_sd.o(i.SD_ReadMultiBlocks), (144 bytes).
    Removing stm32_eval_spi_sd.o(i.SD_SendCmd), (70 bytes).
    Removing stm32_eval_spi_sd.o(i.SD_WriteBlock), (120 bytes).
    Removing stm32_eval_spi_sd.o(i.SD_WriteByte), (56 bytes).
    Removing stm32_eval_spi_sd.o(i.SD_WriteMultiBlocks), (156 bytes).
    Removing stm32_eval_i2c_tsensor.o(i.LM75_DMA_Config), (112 bytes).
    Removing stm32_eval_i2c_tsensor.o(i.LM75_DeInit), (8 bytes).
    Removing stm32_eval_i2c_tsensor.o(i.LM75_GetStatus), (124 bytes).
    Removing stm32_eval_i2c_tsensor.o(i.LM75_Init), (88 bytes).
    Removing stm32_eval_i2c_tsensor.o(i.LM75_ReadConfReg), (428 bytes).
    Removing stm32_eval_i2c_tsensor.o(i.LM75_ReadReg), (444 bytes).
    Removing stm32_eval_i2c_tsensor.o(i.LM75_ReadTemp), (440 bytes).
    Removing stm32_eval_i2c_tsensor.o(i.LM75_ShutDown), (796 bytes).
    Removing stm32_eval_i2c_tsensor.o(i.LM75_WriteConfReg), (364 bytes).
    Removing stm32_eval_i2c_tsensor.o(i.LM75_WriteReg), (376 bytes).
    Removing stm32_eval_i2c_tsensor.o(.data), (4 bytes).
    Removing stm32_eval_spi_flash.o(i.sFLASH_DeInit), (8 bytes).
    Removing stm32_eval_spi_flash.o(i.sFLASH_EraseBulk), (40 bytes).
    Removing stm32_eval_spi_flash.o(i.sFLASH_EraseSector), (64 bytes).
    Removing stm32_eval_spi_flash.o(i.sFLASH_Init), (100 bytes).
    Removing stm32_eval_spi_flash.o(i.sFLASH_ReadBuffer), (80 bytes).
    Removing stm32_eval_spi_flash.o(i.sFLASH_ReadByte), (10 bytes).
    Removing stm32_eval_spi_flash.o(i.sFLASH_ReadID), (80 bytes).
    Removing stm32_eval_spi_flash.o(i.sFLASH_SendByte), (56 bytes).
    Removing stm32_eval_spi_flash.o(i.sFLASH_SendHalfWord), (52 bytes).
    Removing stm32_eval_spi_flash.o(i.sFLASH_StartReadSequence), (48 bytes).
    Removing stm32_eval_spi_flash.o(i.sFLASH_WaitForWriteEnd), (52 bytes).
    Removing stm32_eval_spi_flash.o(i.sFLASH_WriteBuffer), (290 bytes).
    Removing stm32_eval_spi_flash.o(i.sFLASH_WriteEnable), (32 bytes).
    Removing stm32_eval_spi_flash.o(i.sFLASH_WritePage), (88 bytes).
    Removing stm3210b_eval_lcd.o(i.LCD_Clear), (108 bytes).
    Removing stm3210b_eval_lcd.o(i.LCD_ClearLine), (52 bytes).
    Removing stm3210b_eval_lcd.o(i.LCD_ClosedPolyLine), (48 bytes).
    Removing stm3210b_eval_lcd.o(i.LCD_ClosedPolyLineRelative), (18 bytes).
    Removing stm3210b_eval_lcd.o(i.LCD_CtrlLinesConfig), (96 bytes).
    Removing stm3210b_eval_lcd.o(i.LCD_CtrlLinesWrite), (20 bytes).
    Removing stm3210b_eval_lcd.o(i.LCD_DeInit), (140 bytes).
    Removing stm3210b_eval_lcd.o(i.LCD_DisplayChar), (48 bytes).
    Removing stm3210b_eval_lcd.o(i.LCD_DisplayOff), (76 bytes).
    Removing stm3210b_eval_lcd.o(i.LCD_DisplayOn), (104 bytes).
    Removing stm3210b_eval_lcd.o(i.LCD_DisplayStringLine), (76 bytes).
    Removing stm3210b_eval_lcd.o(i.LCD_DrawChar), (240 bytes).
    Removing stm3210b_eval_lcd.o(i.LCD_DrawCircle), (600 bytes).
    Removing stm3210b_eval_lcd.o(i.LCD_DrawFullCircle), (172 bytes).
    Removing stm3210b_eval_lcd.o(i.LCD_DrawFullRect), (144 bytes).
    Removing stm3210b_eval_lcd.o(i.LCD_DrawLine), (200 bytes).
    Removing stm3210b_eval_lcd.o(i.LCD_DrawMonoPict), (152 bytes).
    Removing stm3210b_eval_lcd.o(i.LCD_DrawRect), (70 bytes).
    Removing stm3210b_eval_lcd.o(i.LCD_DrawUniLine), (286 bytes).
    Removing stm3210b_eval_lcd.o(i.LCD_FillPolyLine), (596 bytes).
    Removing stm3210b_eval_lcd.o(i.LCD_GetColors), (24 bytes).
    Removing stm3210b_eval_lcd.o(i.LCD_GetFont), (12 bytes).
    Removing stm3210b_eval_lcd.o(i.LCD_PolyLine), (68 bytes).
    Removing stm3210b_eval_lcd.o(i.LCD_PolyLineRelative), (18 bytes).
    Removing stm3210b_eval_lcd.o(i.LCD_PolyLineRelativeClosed), (118 bytes).
    Removing stm3210b_eval_lcd.o(i.LCD_PowerOn), (280 bytes).
    Removing stm3210b_eval_lcd.o(i.LCD_ReadReg), (228 bytes).
    Removing stm3210b_eval_lcd.o(i.LCD_SPIConfig), (224 bytes).
    Removing stm3210b_eval_lcd.o(i.LCD_SetBackColor), (16 bytes).
    Removing stm3210b_eval_lcd.o(i.LCD_SetColors), (28 bytes).
    Removing stm3210b_eval_lcd.o(i.LCD_SetCursor), (92 bytes).
    Removing stm3210b_eval_lcd.o(i.LCD_SetDisplayWindow), (216 bytes).
    Removing stm3210b_eval_lcd.o(i.LCD_SetFont), (12 bytes).
    Removing stm3210b_eval_lcd.o(i.LCD_SetTextColor), (16 bytes).
    Removing stm3210b_eval_lcd.o(i.LCD_Setup), (1784 bytes).
    Removing stm3210b_eval_lcd.o(i.LCD_WindowModeDisable), (88 bytes).
    Removing stm3210b_eval_lcd.o(i.LCD_WriteRAM), (168 bytes).
    Removing stm3210b_eval_lcd.o(i.LCD_WriteRAMWord), (32 bytes).
    Removing stm3210b_eval_lcd.o(i.LCD_WriteRAM_Prepare), (16 bytes).
    Removing stm3210b_eval_lcd.o(i.LCD_WriteReg), (68 bytes).
    Removing stm3210b_eval_lcd.o(i.LCD_WriteRegHX8312), (92 bytes).
    Removing stm3210b_eval_lcd.o(i.LCD_WriteRegILI9320), (84 bytes).
    Removing stm3210b_eval_lcd.o(i.LCD_WriteRegIndex), (76 bytes).
    Removing stm3210b_eval_lcd.o(i.LCD_nCS_StartByte), (48 bytes).
    Removing stm3210b_eval_lcd.o(i.PutPixel), (42 bytes).
    Removing stm3210b_eval_lcd.o(i.STM3210B_LCD_Init), (80 bytes).
    Removing stm3210b_eval_lcd.o(i.delay), (36 bytes).
    Removing stm3210b_eval_lcd.o(.constdata), (10704 bytes).
    Removing stm3210b_eval_lcd.o(.data), (44 bytes).
    Removing startup_stm32f10x_md.o(HEAP), (512 bytes).
    Removing cyctask.o(i.FrequencyTracking2), (380 bytes).
    Removing cyctask.o(.bss), (16 bytes).
    Removing bsp_ostask.o(i.UnRegisterSystemTask), (84 bytes).
    Removing bsp_gpio.o(i.DS2431_ReadRom), (44 bytes).
    Removing bsp_gpio.o(i.Delay_3us), (18 bytes).
    Removing bsp_gpio.o(i.Delay_Nus), (20 bytes).
    Removing bsp_gpio.o(i.GPIO_DS2431_Input_Mode), (36 bytes).
    Removing bsp_gpio.o(i.GPIO_DS2431_Out_Mode), (36 bytes).
    Removing bsp_gpio.o(i.Read_Bit), (80 bytes).
    Removing bsp_gpio.o(i.Read_Byte), (32 bytes).
    Removing bsp_gpio.o(i.Reset), (84 bytes).
    Removing bsp_gpio.o(i.WriteBit_0), (56 bytes).
    Removing bsp_gpio.o(i.WriteBit_1), (56 bytes).
    Removing bsp_gpio.o(i.Write_Byte), (36 bytes).
    Removing bsp_key.o(i.KeyBsp_74ls165Read), (112 bytes).
    Removing bsp_key.o(i.KeyBsp_Init), (80 bytes).
    Removing bsp_key.o(i.KeyBsp_KeyRead), (172 bytes).
    Removing bsp_key.o(i.KeyBsp_read), (28 bytes).
    Removing bsp_key.o(i.KeyBsp_tick), (44 bytes).
    Removing bsp_key.o(i.delaynop), (14 bytes).
    Removing bsp_key.o(.data), (25 bytes).
    Removing bsp_ad9833.o(i.AD9833_AmpSet), (80 bytes).
    Removing bsp_adc.o(i.AdcCheck), (52 bytes).
    Removing bsp_pwm.o(i.TIM3_PWM_Close), (16 bytes).
    Removing bsp_pwm.o(i.TIM3_PWM_ToGPIO_Init), (72 bytes).
    Removing dflti.o(.text), (34 bytes).
    Removing cdcmple.o(.text), (48 bytes).
    Removing cdrcmple.o(.text), (48 bytes).

565 unused section(s) (total 44263 bytes) removed from the image.

==============================================================================

Image Symbol Table

    Local Symbols

    Symbol Name                              Value     Ov Type        Size  Object(Section)

    ../clib/microlib/init/entry.s            0x00000000   Number         0  entry11b.o ABSOLUTE
    ../clib/microlib/init/entry.s            0x00000000   Number         0  entry11a.o ABSOLUTE
    ../clib/microlib/init/entry.s            0x00000000   Number         0  entry10b.o ABSOLUTE
    ../clib/microlib/init/entry.s            0x00000000   Number         0  entry10a.o ABSOLUTE
    ../clib/microlib/init/entry.s            0x00000000   Number         0  entry8b.o ABSOLUTE
    ../clib/microlib/init/entry.s            0x00000000   Number         0  entry8a.o ABSOLUTE
    ../clib/microlib/init/entry.s            0x00000000   Number         0  entry5.o ABSOLUTE
    ../clib/microlib/init/entry.s            0x00000000   Number         0  entry2.o ABSOLUTE
    ../clib/microlib/init/entry.s            0x00000000   Number         0  entry7a.o ABSOLUTE
    ../clib/microlib/init/entry.s            0x00000000   Number         0  entry7b.o ABSOLUTE
    ../clib/microlib/init/entry.s            0x00000000   Number         0  entry.o ABSOLUTE
    ../clib/microlib/init/entry.s            0x00000000   Number         0  entry9b.o ABSOLUTE
    ../clib/microlib/init/entry.s            0x00000000   Number         0  entry9a.o ABSOLUTE
    ../clib/microlib/longlong.c              0x00000000   Number         0  llshl.o ABSOLUTE
    ../clib/microlib/longlong.c              0x00000000   Number         0  llushr.o ABSOLUTE
    ../clib/microlib/string/memcpy.c         0x00000000   Number         0  memcpya.o ABSOLUTE
    ../clib/microlib/string/memcpy.c         0x00000000   Number         0  memcpyb.o ABSOLUTE
    ../clib/microlib/stubs.s                 0x00000000   Number         0  iusefp.o ABSOLUTE
    ../fplib/microlib/fpdiv.c                0x00000000   Number         0  ddiv.o ABSOLUTE
    ../fplib/microlib/fpepilogue.c           0x00000000   Number         0  depilogue.o ABSOLUTE
    ../fplib/microlib/fpfix.c                0x00000000   Number         0  dfixi.o ABSOLUTE
    ../fplib/microlib/fpflt.c                0x00000000   Number         0  dflti.o ABSOLUTE
    ../fplib/microlib/fpflt.c                0x00000000   Number         0  dfltui.o ABSOLUTE
    ../fplib/microlib/fpmul.c                0x00000000   Number         0  dmul.o ABSOLUTE
    ..\..\..\App\Bsp\FlashBsp\Bsp_Flash.c    0x00000000   Number         0  bsp_flash.o ABSOLUTE
    ..\..\..\App\Bsp\GpioBsp\Bsp_Gpio.c      0x00000000   Number         0  bsp_gpio.o ABSOLUTE
    ..\..\..\App\Bsp\KeyBsp\Bsp_Key.c        0x00000000   Number         0  bsp_key.o ABSOLUTE
    ..\..\..\App\Bsp\TaskBsp\Bsp_OsTask.c    0x00000000   Number         0  bsp_ostask.o ABSOLUTE
    ..\..\..\App\Bsp\UartBsp\Bsp_PWM.c       0x00000000   Number         0  bsp_pwm.o ABSOLUTE
    ..\..\..\App\Bsp\UartBsp\Bsp_Uart.c      0x00000000   Number         0  bsp_uart.o ABSOLUTE
    ..\..\..\App\Task\CycTask\CycTask.c      0x00000000   Number         0  cyctask.o ABSOLUTE
    ..\..\..\App\Task\IoTask\TouchSwitchTask.c 0x00000000   Number         0  touchswitchtask.o ABSOLUTE
    ..\..\..\App\Task\SysLedTask\DisplayTask.c 0x00000000   Number         0  displaytask.o ABSOLUTE
    ..\..\..\Libraries\CMSIS\CM3\CoreSupport\core_cm3.c 0x00000000   Number         0  core_cm3.o ABSOLUTE
    ..\..\..\Libraries\CMSIS\CM3\DeviceSupport\ST\STM32F10x\startup\arm\startup_stm32f10x_md.s 0x00000000   Number         0  startup_stm32f10x_md.o ABSOLUTE
    ..\..\..\Libraries\STM32F10x_StdPeriph_Driver\src\misc.c 0x00000000   Number         0  misc.o ABSOLUTE
    ..\..\..\Libraries\STM32F10x_StdPeriph_Driver\src\stm32f10x_adc.c 0x00000000   Number         0  stm32f10x_adc.o ABSOLUTE
    ..\..\..\Libraries\STM32F10x_StdPeriph_Driver\src\stm32f10x_bkp.c 0x00000000   Number         0  stm32f10x_bkp.o ABSOLUTE
    ..\..\..\Libraries\STM32F10x_StdPeriph_Driver\src\stm32f10x_can.c 0x00000000   Number         0  stm32f10x_can.o ABSOLUTE
    ..\..\..\Libraries\STM32F10x_StdPeriph_Driver\src\stm32f10x_cec.c 0x00000000   Number         0  stm32f10x_cec.o ABSOLUTE
    ..\..\..\Libraries\STM32F10x_StdPeriph_Driver\src\stm32f10x_crc.c 0x00000000   Number         0  stm32f10x_crc.o ABSOLUTE
    ..\..\..\Libraries\STM32F10x_StdPeriph_Driver\src\stm32f10x_dac.c 0x00000000   Number         0  stm32f10x_dac.o ABSOLUTE
    ..\..\..\Libraries\STM32F10x_StdPeriph_Driver\src\stm32f10x_dbgmcu.c 0x00000000   Number         0  stm32f10x_dbgmcu.o ABSOLUTE
    ..\..\..\Libraries\STM32F10x_StdPeriph_Driver\src\stm32f10x_dma.c 0x00000000   Number         0  stm32f10x_dma.o ABSOLUTE
    ..\..\..\Libraries\STM32F10x_StdPeriph_Driver\src\stm32f10x_exti.c 0x00000000   Number         0  stm32f10x_exti.o ABSOLUTE
    ..\..\..\Libraries\STM32F10x_StdPeriph_Driver\src\stm32f10x_flash.c 0x00000000   Number         0  stm32f10x_flash.o ABSOLUTE
    ..\..\..\Libraries\STM32F10x_StdPeriph_Driver\src\stm32f10x_fsmc.c 0x00000000   Number         0  stm32f10x_fsmc.o ABSOLUTE
    ..\..\..\Libraries\STM32F10x_StdPeriph_Driver\src\stm32f10x_gpio.c 0x00000000   Number         0  stm32f10x_gpio.o ABSOLUTE
    ..\..\..\Libraries\STM32F10x_StdPeriph_Driver\src\stm32f10x_i2c.c 0x00000000   Number         0  stm32f10x_i2c.o ABSOLUTE
    ..\..\..\Libraries\STM32F10x_StdPeriph_Driver\src\stm32f10x_iwdg.c 0x00000000   Number         0  stm32f10x_iwdg.o ABSOLUTE
    ..\..\..\Libraries\STM32F10x_StdPeriph_Driver\src\stm32f10x_pwr.c 0x00000000   Number         0  stm32f10x_pwr.o ABSOLUTE
    ..\..\..\Libraries\STM32F10x_StdPeriph_Driver\src\stm32f10x_rcc.c 0x00000000   Number         0  stm32f10x_rcc.o ABSOLUTE
    ..\..\..\Libraries\STM32F10x_StdPeriph_Driver\src\stm32f10x_rtc.c 0x00000000   Number         0  stm32f10x_rtc.o ABSOLUTE
    ..\..\..\Libraries\STM32F10x_StdPeriph_Driver\src\stm32f10x_sdio.c 0x00000000   Number         0  stm32f10x_sdio.o ABSOLUTE
    ..\..\..\Libraries\STM32F10x_StdPeriph_Driver\src\stm32f10x_spi.c 0x00000000   Number         0  stm32f10x_spi.o ABSOLUTE
    ..\..\..\Libraries\STM32F10x_StdPeriph_Driver\src\stm32f10x_tim.c 0x00000000   Number         0  stm32f10x_tim.o ABSOLUTE
    ..\..\..\Libraries\STM32F10x_StdPeriph_Driver\src\stm32f10x_usart.c 0x00000000   Number         0  stm32f10x_usart.o ABSOLUTE
    ..\..\..\Libraries\STM32F10x_StdPeriph_Driver\src\stm32f10x_wwdg.c 0x00000000   Number         0  stm32f10x_wwdg.o ABSOLUTE
    ..\..\..\Utilities\STM32_EVAL\Common\stm32_eval_i2c_tsensor.c 0x00000000   Number         0  stm32_eval_i2c_tsensor.o ABSOLUTE
    ..\..\..\Utilities\STM32_EVAL\Common\stm32_eval_spi_flash.c 0x00000000   Number         0  stm32_eval_spi_flash.o ABSOLUTE
    ..\..\..\Utilities\STM32_EVAL\Common\stm32_eval_spi_sd.c 0x00000000   Number         0  stm32_eval_spi_sd.o ABSOLUTE
    ..\..\..\Utilities\STM32_EVAL\STM3210B_EVAL\stm3210b_eval_lcd.c 0x00000000   Number         0  stm3210b_eval_lcd.o ABSOLUTE
    ..\..\..\Utilities\STM32_EVAL\stm32_eval.c 0x00000000   Number         0  stm32_eval.o ABSOLUTE
    ..\\..\\..\\Libraries\\CMSIS\\CM3\\CoreSupport\\core_cm3.c 0x00000000   Number         0  core_cm3.o ABSOLUTE
    ..\main.c                                0x00000000   Number         0  main.o ABSOLUTE
    ..\stm32f10x_it.c                        0x00000000   Number         0  stm32f10x_it.o ABSOLUTE
    ..\system_stm32f10x.c                    0x00000000   Number         0  system_stm32f10x.o ABSOLUTE
    BSP_595.c                                0x00000000   Number         0  bsp_595.o ABSOLUTE
    BSP_AD9833.c                             0x00000000   Number         0  bsp_ad9833.o ABSOLUTE
    Bsp_ADC.c                                0x00000000   Number         0  bsp_adc.o ABSOLUTE
    cdcmple.s                                0x00000000   Number         0  cdcmple.o ABSOLUTE
    cdrcmple.s                               0x00000000   Number         0  cdrcmple.o ABSOLUTE
    dc.s                                     0x00000000   Number         0  dc.o ABSOLUTE
    handlers.s                               0x00000000   Number         0  handlers.o ABSOLUTE
    init.s                                   0x00000000   Number         0  init.o ABSOLUTE
    RESET                                    0x08000000   Section      576  startup_stm32f10x_md.o(RESET)
    .ARM.Collect$$$$00000000                 0x08000240   Section        0  entry.o(.ARM.Collect$$$$00000000)
    .ARM.Collect$$$$00000001                 0x08000240   Section        4  entry2.o(.ARM.Collect$$$$00000001)
    .ARM.Collect$$$$00000004                 0x08000244   Section        4  entry5.o(.ARM.Collect$$$$00000004)
    .ARM.Collect$$$$00000008                 0x08000248   Section        0  entry7b.o(.ARM.Collect$$$$00000008)
    .ARM.Collect$$$$0000000A                 0x08000248   Section        0  entry8b.o(.ARM.Collect$$$$0000000A)
    .ARM.Collect$$$$0000000B                 0x08000248   Section        8  entry9a.o(.ARM.Collect$$$$0000000B)
    .ARM.Collect$$$$0000000D                 0x08000250   Section        0  entry10a.o(.ARM.Collect$$$$0000000D)
    .ARM.Collect$$$$0000000F                 0x08000250   Section        0  entry11a.o(.ARM.Collect$$$$0000000F)
    .ARM.Collect$$$$00002712                 0x08000250   Section        4  entry2.o(.ARM.Collect$$$$00002712)
    __lit__00000000                          0x08000250   Data           4  entry2.o(.ARM.Collect$$$$00002712)
    .text                                    0x08000254   Section       36  startup_stm32f10x_md.o(.text)
    .text                                    0x08000278   Section        0  memcpya.o(.text)
    .text                                    0x0800029c   Section        0  dmul.o(.text)
    .text                                    0x08000380   Section        0  ddiv.o(.text)
    .text                                    0x0800045e   Section        0  dfltui.o(.text)
    .text                                    0x08000478   Section        0  dfixi.o(.text)
    .text                                    0x080004b6   Section        0  llushr.o(.text)
    .text                                    0x080004d6   Section        0  iusefp.o(.text)
    .text                                    0x080004d6   Section        0  depilogue.o(.text)
    .text                                    0x08000590   Section       36  init.o(.text)
    .text                                    0x080005b4   Section        0  llshl.o(.text)
    i.AD9833_Delay                           0x080005d2   Section        0  bsp_ad9833.o(i.AD9833_Delay)
    AD9833_Delay                             0x080005d3   Thumb Code    14  bsp_ad9833.o(i.AD9833_Delay)
    i.AD9833_Init_GPIO                       0x080005e0   Section        0  bsp_ad9833.o(i.AD9833_Init_GPIO)
    i.AD9833_WaveSeting                      0x0800060c   Section        0  bsp_ad9833.o(i.AD9833_WaveSeting)
    i.AD9833_WaveSeting2                     0x080006ec   Section        0  bsp_ad9833.o(i.AD9833_WaveSeting2)
    i.AD9833_Write                           0x080007b4   Section        0  bsp_ad9833.o(i.AD9833_Write)
    i.ADC1_Configuration                     0x0800082c   Section        0  bsp_adc.o(i.ADC1_Configuration)
    i.ADCIO_Configuration                    0x080008e4   Section        0  bsp_adc.o(i.ADCIO_Configuration)
    i.ADC_Cmd                                0x08000900   Section        0  stm32f10x_adc.o(i.ADC_Cmd)
    i.ADC_DMACmd                             0x08000916   Section        0  stm32f10x_adc.o(i.ADC_DMACmd)
    i.ADC_DeInit                             0x0800092c   Section        0  stm32f10x_adc.o(i.ADC_DeInit)
    i.ADC_GetCalibrationStatus               0x08000988   Section        0  stm32f10x_adc.o(i.ADC_GetCalibrationStatus)
    i.ADC_GetResetCalibrationStatus          0x0800099c   Section        0  stm32f10x_adc.o(i.ADC_GetResetCalibrationStatus)
    i.ADC_Init                               0x080009b0   Section        0  stm32f10x_adc.o(i.ADC_Init)
    i.ADC_RegularChannelConfig               0x08000a00   Section        0  stm32f10x_adc.o(i.ADC_RegularChannelConfig)
    i.ADC_ResetCalibration                   0x08000ab8   Section        0  stm32f10x_adc.o(i.ADC_ResetCalibration)
    i.ADC_SoftwareStartConvCmd               0x08000ac2   Section        0  stm32f10x_adc.o(i.ADC_SoftwareStartConvCmd)
    i.ADC_StartCalibration                   0x08000ad8   Section        0  stm32f10x_adc.o(i.ADC_StartCalibration)
    i.AlrmValueCheck                         0x08000ae4   Section        0  cyctask.o(i.AlrmValueCheck)
    i.App_ObjCreate                          0x08000b14   Section        0  main.o(i.App_ObjCreate)
    App_ObjCreate                            0x08000b15   Thumb Code    44  main.o(i.App_ObjCreate)
    i.App_TaskCreate                         0x08000b40   Section        0  main.o(i.App_TaskCreate)
    App_TaskCreate                           0x08000b41   Thumb Code    16  main.o(i.App_TaskCreate)
    i.BSP_SysInit                            0x08000b50   Section        0  main.o(i.BSP_SysInit)
    BSP_SysInit                              0x08000b51   Thumb Code    38  main.o(i.BSP_SysInit)
    i.BusFault_Handler                       0x08000b7c   Section        0  stm32f10x_it.o(i.BusFault_Handler)
    i.BuzzerSound                            0x08000b80   Section        0  touchswitchtask.o(i.BuzzerSound)
    i.ClearTaskPrio                          0x08000bf8   Section        0  bsp_ostask.o(i.ClearTaskPrio)
    i.CycTask                                0x08000c88   Section        0  cyctask.o(i.CycTask)
    i.CycTask_Creat                          0x08000de4   Section        0  cyctask.o(i.CycTask_Creat)
    i.DMA_Cmd                                0x08000e08   Section        0  stm32f10x_dma.o(i.DMA_Cmd)
    i.DMA_Configuration                      0x08000e20   Section        0  bsp_adc.o(i.DMA_Configuration)
    i.DMA_DeInit                             0x08000e78   Section        0  stm32f10x_dma.o(i.DMA_DeInit)
    i.DMA_Init                               0x08000fc4   Section        0  stm32f10x_dma.o(i.DMA_Init)
    i.DebugMon_Handler                       0x08001000   Section        0  stm32f10x_it.o(i.DebugMon_Handler)
    i.DigTubeDisplay                         0x08001004   Section        0  displaytask.o(i.DigTubeDisplay)
    i.DisplayTask_Creat                      0x080014a0   Section        0  displaytask.o(i.DisplayTask_Creat)
    i.FLASH_ClearFlag                        0x080014c4   Section        0  stm32f10x_flash.o(i.FLASH_ClearFlag)
    i.FLASH_ErasePage                        0x080014d0   Section        0  stm32f10x_flash.o(i.FLASH_ErasePage)
    i.FLASH_GetBank1Status                   0x0800151c   Section        0  stm32f10x_flash.o(i.FLASH_GetBank1Status)
    i.FLASH_ProgramWord                      0x08001550   Section        0  stm32f10x_flash.o(i.FLASH_ProgramWord)
    i.FLASH_Unlock                           0x080015bc   Section        0  stm32f10x_flash.o(i.FLASH_Unlock)
    i.FLASH_WaitForLastOperation             0x080015d4   Section        0  stm32f10x_flash.o(i.FLASH_WaitForLastOperation)
    i.FlushCursorIncreas                     0x080015fc   Section        0  displaytask.o(i.FlushCursorIncreas)
    i.FrequencySweep                         0x08001618   Section        0  cyctask.o(i.FrequencySweep)
    i.GPIO_Init                              0x080017c0   Section        0  stm32f10x_gpio.o(i.GPIO_Init)
    i.GPIO_PinRemapConfig                    0x080018d8   Section        0  stm32f10x_gpio.o(i.GPIO_PinRemapConfig)
    i.GPIO_ReadInputDataBit                  0x08001968   Section        0  stm32f10x_gpio.o(i.GPIO_ReadInputDataBit)
    i.GPIO_ResetBits                         0x0800197a   Section        0  stm32f10x_gpio.o(i.GPIO_ResetBits)
    i.GPIO_SetBits                           0x0800197e   Section        0  stm32f10x_gpio.o(i.GPIO_SetBits)
    i.GetTaskTopPrio                         0x08001984   Section        0  bsp_ostask.o(i.GetTaskTopPrio)
    i.GetVolt                                0x080019ac   Section        0  bsp_adc.o(i.GetVolt)
    i.HC595_CS                               0x080019c4   Section        0  bsp_595.o(i.HC595_CS)
    i.HC595_GPIO_Config                      0x08001a1c   Section        0  bsp_595.o(i.HC595_GPIO_Config)
    i.HC595_Send_Byte                        0x08001adc   Section        0  bsp_595.o(i.HC595_Send_Byte)
    i.HC595_Send_Multi_Byte                  0x08001b8c   Section        0  bsp_595.o(i.HC595_Send_Multi_Byte)
    i.HardFault_Handler                      0x08001bde   Section        0  stm32f10x_it.o(i.HardFault_Handler)
    i.InitOsTaskList                         0x08001be2   Section        0  bsp_ostask.o(i.InitOsTaskList)
    i.Init_ADC1                              0x08001be4   Section        0  bsp_adc.o(i.Init_ADC1)
    i.MemManage_Handler                      0x08001c0c   Section        0  stm32f10x_it.o(i.MemManage_Handler)
    i.NMI_Handler                            0x08001c10   Section        0  stm32f10x_it.o(i.NMI_Handler)
    i.NVIC_Init                              0x08001c14   Section        0  misc.o(i.NVIC_Init)
    i.NVIC_PriorityGroupConfig               0x08001c84   Section        0  misc.o(i.NVIC_PriorityGroupConfig)
    i.NVIC_SetVectorTable                    0x08001c98   Section        0  misc.o(i.NVIC_SetVectorTable)
    i.OsTaskListProcess                      0x08001cac   Section        0  bsp_ostask.o(i.OsTaskListProcess)
    i.OsTaskRun                              0x08001d04   Section        0  bsp_ostask.o(i.OsTaskRun)
    i.PendSV_Handler                         0x08001d28   Section        0  stm32f10x_it.o(i.PendSV_Handler)
    i.RCC_ADCCLKConfig                       0x08001d2c   Section        0  stm32f10x_rcc.o(i.RCC_ADCCLKConfig)
    i.RCC_AHBPeriphClockCmd                  0x08001d44   Section        0  stm32f10x_rcc.o(i.RCC_AHBPeriphClockCmd)
    i.RCC_APB1PeriphClockCmd                 0x08001d64   Section        0  stm32f10x_rcc.o(i.RCC_APB1PeriphClockCmd)
    i.RCC_APB2PeriphClockCmd                 0x08001d84   Section        0  stm32f10x_rcc.o(i.RCC_APB2PeriphClockCmd)
    i.RCC_APB2PeriphResetCmd                 0x08001da4   Section        0  stm32f10x_rcc.o(i.RCC_APB2PeriphResetCmd)
    i.RCC_Configuration                      0x08001dc4   Section        0  main.o(i.RCC_Configuration)
    i.RCC_GetClocksFreq                      0x08001dcc   Section        0  stm32f10x_rcc.o(i.RCC_GetClocksFreq)
    i.RegisterSystemTask                     0x08001ea0   Section        0  bsp_ostask.o(i.RegisterSystemTask)
    i.SVC_Handler                            0x08001ee4   Section        0  stm32f10x_it.o(i.SVC_Handler)
    i.S_FlushCursorIncreas                   0x08001ee8   Section        0  displaytask.o(i.S_FlushCursorIncreas)
    i.SelfTest                               0x08001f04   Section        0  cyctask.o(i.SelfTest)
    i.SerialBsp_GetBaud                      0x08001fa4   Section        0  bsp_uart.o(i.SerialBsp_GetBaud)
    SerialBsp_GetBaud                        0x08001fa5   Thumb Code    96  bsp_uart.o(i.SerialBsp_GetBaud)
    i.SerialBsp_GetDataBits                  0x08002004   Section        0  bsp_uart.o(i.SerialBsp_GetDataBits)
    SerialBsp_GetDataBits                    0x08002005   Thumb Code    18  bsp_uart.o(i.SerialBsp_GetDataBits)
    i.SerialBsp_GetParity                    0x08002016   Section        0  bsp_uart.o(i.SerialBsp_GetParity)
    SerialBsp_GetParity                      0x08002017   Thumb Code    38  bsp_uart.o(i.SerialBsp_GetParity)
    i.SerialBsp_GetStopBits                  0x0800203c   Section        0  bsp_uart.o(i.SerialBsp_GetStopBits)
    SerialBsp_GetStopBits                    0x0800203d   Thumb Code    38  bsp_uart.o(i.SerialBsp_GetStopBits)
    i.SerialBsp_IRQnDisable                  0x08002062   Section        0  bsp_uart.o(i.SerialBsp_IRQnDisable)
    i.SerialBsp_IRQnEnable                   0x0800208c   Section        0  bsp_uart.o(i.SerialBsp_IRQnEnable)
    i.SerialBsp_Init                         0x080020b4   Section        0  bsp_uart.o(i.SerialBsp_Init)
    SerialBsp_Init                           0x080020b5   Thumb Code    54  bsp_uart.o(i.SerialBsp_Init)
    i.SerialBsp_Open                         0x080020f4   Section        0  bsp_uart.o(i.SerialBsp_Open)
    i.SerialBsp_cfg                          0x08002104   Section        0  bsp_uart.o(i.SerialBsp_cfg)
    i.SerialBsp_close                        0x08002134   Section        0  bsp_uart.o(i.SerialBsp_close)
    i.SerialBsp_intHandler                   0x08002144   Section        0  bsp_uart.o(i.SerialBsp_intHandler)
    i.SerialBsp_read                         0x080022fc   Section        0  bsp_uart.o(i.SerialBsp_read)
    i.SerialBsp_setbaud                      0x0800233c   Section        0  bsp_uart.o(i.SerialBsp_setbaud)
    i.SerialBsp_tick                         0x080023a4   Section        0  bsp_uart.o(i.SerialBsp_tick)
    i.SerialBsp_wirte                        0x080023fc   Section        0  bsp_uart.o(i.SerialBsp_wirte)
    i.SetBuzzerSoundTimes                    0x08002464   Section        0  touchswitchtask.o(i.SetBuzzerSoundTimes)
    i.SetCycTaskState                        0x08002478   Section        0  cyctask.o(i.SetCycTaskState)
    i.SetDisplayType                         0x08002484   Section        0  displaytask.o(i.SetDisplayType)
    i.SetPwmDuty                             0x08002490   Section        0  bsp_pwm.o(i.SetPwmDuty)
    i.SetSysClock                            0x080024d8   Section        0  system_stm32f10x.o(i.SetSysClock)
    SetSysClock                              0x080024d9   Thumb Code     8  system_stm32f10x.o(i.SetSysClock)
    i.SetSysClockTo72                        0x080024e0   Section        0  system_stm32f10x.o(i.SetSysClockTo72)
    SetSysClockTo72                          0x080024e1   Thumb Code   214  system_stm32f10x.o(i.SetSysClockTo72)
    i.SetTaskPrio                            0x080025c0   Section        0  bsp_ostask.o(i.SetTaskPrio)
    i.SetVector                              0x080025fc   Section        0  main.o(i.SetVector)
    i.SwitchCheck                            0x0800260c   Section        0  touchswitchtask.o(i.SwitchCheck)
    i.SwitchIOInit                           0x08002d34   Section        0  touchswitchtask.o(i.SwitchIOInit)
    i.SysLedRun                              0x08002d54   Section        0  displaytask.o(i.SysLedRun)
    i.SysTick_Handler                        0x08002d6c   Section        0  stm32f10x_it.o(i.SysTick_Handler)
    i.SystemInit                             0x08002db4   Section        0  system_stm32f10x.o(i.SystemInit)
    i.TIM3_PWM_Init                          0x08002e14   Section        0  bsp_pwm.o(i.TIM3_PWM_Init)
    i.TIM3_PWM_Open                          0x08002ea4   Section        0  bsp_pwm.o(i.TIM3_PWM_Open)
    i.TIM_Cmd                                0x08002eb4   Section        0  stm32f10x_tim.o(i.TIM_Cmd)
    i.TIM_OC2Init                            0x08002ecc   Section        0  stm32f10x_tim.o(i.TIM_OC2Init)
    i.TIM_OC2PreloadConfig                   0x08002f70   Section        0  stm32f10x_tim.o(i.TIM_OC2PreloadConfig)
    i.TIM_TimeBaseInit                       0x08002f8c   Section        0  stm32f10x_tim.o(i.TIM_TimeBaseInit)
    i.TouchIOInit                            0x08003030   Section        0  touchswitchtask.o(i.TouchIOInit)
    i.TouchTask                              0x08003088   Section        0  touchswitchtask.o(i.TouchTask)
    i.TouchTask_Creat                        0x08003094   Section        0  touchswitchtask.o(i.TouchTask_Creat)
    i.USART1_IRQHandler                      0x080030b0   Section        0  stm32f10x_it.o(i.USART1_IRQHandler)
    i.USART2_IRQHandler                      0x080030b4   Section        0  stm32f10x_it.o(i.USART2_IRQHandler)
    i.USART_ClearITPendingBit                0x080030c4   Section        0  stm32f10x_usart.o(i.USART_ClearITPendingBit)
    i.USART_Cmd                              0x080030e2   Section        0  stm32f10x_usart.o(i.USART_Cmd)
    i.USART_Config                           0x080030fa   Section        0  bsp_uart.o(i.USART_Config)
    i.USART_GetITStatus                      0x08003150   Section        0  stm32f10x_usart.o(i.USART_GetITStatus)
    i.USART_GpioInit                         0x080031a4   Section        0  bsp_uart.o(i.USART_GpioInit)
    i.USART_ITConfig                         0x08003258   Section        0  stm32f10x_usart.o(i.USART_ITConfig)
    i.USART_Init                             0x080032a4   Section        0  stm32f10x_usart.o(i.USART_Init)
    i.USART_Open                             0x0800337c   Section        0  bsp_uart.o(i.USART_Open)
    i.USART_ReceiveData                      0x080033a4   Section        0  stm32f10x_usart.o(i.USART_ReceiveData)
    i.USART_RxMode                           0x080033b0   Section        0  bsp_uart.o(i.USART_RxMode)
    i.USART_SendData                         0x080033dc   Section        0  stm32f10x_usart.o(i.USART_SendData)
    i.USART_TxMode                           0x080033e4   Section        0  bsp_uart.o(i.USART_TxMode)
    i.UsageFault_Handler                     0x080033f4   Section        0  stm32f10x_it.o(i.UsageFault_Handler)
    i.__scatterload_copy                     0x080033f8   Section       14  handlers.o(i.__scatterload_copy)
    i.__scatterload_null                     0x08003406   Section        2  handlers.o(i.__scatterload_null)
    i.__scatterload_zeroinit                 0x08003408   Section       14  handlers.o(i.__scatterload_zeroinit)
    i.delay_ms                               0x08003416   Section        0  main.o(i.delay_ms)
    i.delayn                                 0x0800342a   Section        0  cyctask.o(i.delayn)
    i.delayt                                 0x08003436   Section        0  bsp_595.o(i.delayt)
    i.falshCheck                             0x08003444   Section        0  bsp_flash.o(i.falshCheck)
    i.filter                                 0x08003488   Section        0  bsp_adc.o(i.filter)
    i.flash_read                             0x080034cc   Section        0  bsp_flash.o(i.flash_read)
    i.flash_write                            0x080034fe   Section        0  bsp_flash.o(i.flash_write)
    i.getRealAdcValue                        0x080035b0   Section        0  bsp_adc.o(i.getRealAdcValue)
    i.getSwitchPos                           0x080035c8   Section        0  touchswitchtask.o(i.getSwitchPos)
    i.isTouchPushed                          0x0800371c   Section        0  touchswitchtask.o(i.isTouchPushed)
    i.ledDisplay                             0x08003744   Section        0  displaytask.o(i.ledDisplay)
    i.main                                   0x08003930   Section        0  main.o(i.main)
    i.softStartF                             0x08003a08   Section        0  cyctask.o(i.softStartF)
    .constdata                               0x08003a54   Section       15  displaytask.o(.constdata)
    .constdata                               0x08003a63   Section      264  bsp_ostask.o(.constdata)
    .constdata                               0x08003b6c   Section       15  bsp_uart.o(.constdata)
    .data                                    0x20000000   Section        6  stm32f10x_it.o(.data)
    .data                                    0x20000006   Section       20  stm32f10x_rcc.o(.data)
    APBAHBPrescTable                         0x20000006   Data          16  stm32f10x_rcc.o(.data)
    ADCPrescTable                            0x20000016   Data           4  stm32f10x_rcc.o(.data)
    .data                                    0x2000001c   Section       20  system_stm32f10x.o(.data)
    .data                                    0x20000030   Section       58  cyctask.o(.data)
    TskState                                 0x20000031   Data           1  cyctask.o(.data)
    FreqTrcking                              0x20000040   Data           4  cyctask.o(.data)
    MaxcurrentFreq                           0x20000044   Data           4  cyctask.o(.data)
    step                                     0x20000048   Data           1  cyctask.o(.data)
    counter                                  0x2000004a   Data           2  cyctask.o(.data)
    currentFreq                              0x2000004c   Data           4  cyctask.o(.data)
    step                                     0x20000050   Data           1  cyctask.o(.data)
    i                                        0x20000052   Data           2  cyctask.o(.data)
    counter                                  0x20000054   Data           2  cyctask.o(.data)
    currentFreq                              0x20000058   Data           4  cyctask.o(.data)
    flag                                     0x2000005c   Data           1  cyctask.o(.data)
    tmcnt                                    0x2000005e   Data           2  cyctask.o(.data)
    V_Pout                                   0x20000060   Data           2  cyctask.o(.data)
    counter                                  0x20000062   Data           1  cyctask.o(.data)
    PreTskState                              0x20000063   Data           1  cyctask.o(.data)
    test_flag                                0x20000064   Data           1  cyctask.o(.data)
    cnt                                      0x20000065   Data           1  cyctask.o(.data)
    trigg_flag                               0x20000066   Data           1  cyctask.o(.data)
    counter                                  0x20000068   Data           2  cyctask.o(.data)
    .data                                    0x2000006a   Section       14  displaytask.o(.data)
    step                                     0x20000074   Data           1  displaytask.o(.data)
    counter                                  0x20000076   Data           2  displaytask.o(.data)
    .data                                    0x20000078   Section       30  touchswitchtask.o(.data)
    step                                     0x20000079   Data           1  touchswitchtask.o(.data)
    flag                                     0x20000081   Data           1  touchswitchtask.o(.data)
    counter                                  0x20000082   Data           2  touchswitchtask.o(.data)
    counter2                                 0x20000084   Data           2  touchswitchtask.o(.data)
    counter14                                0x20000086   Data           2  touchswitchtask.o(.data)
    counter15                                0x20000088   Data           2  touchswitchtask.o(.data)
    pos13                                    0x2000008a   Data           1  touchswitchtask.o(.data)
    pos14                                    0x2000008b   Data           1  touchswitchtask.o(.data)
    pos15                                    0x2000008c   Data           1  touchswitchtask.o(.data)
    prepos13                                 0x2000008d   Data           1  touchswitchtask.o(.data)
    prepos14                                 0x2000008e   Data           1  touchswitchtask.o(.data)
    prepos15                                 0x2000008f   Data           1  touchswitchtask.o(.data)
    counter                                  0x20000090   Data           2  touchswitchtask.o(.data)
    preState                                 0x20000092   Data           1  touchswitchtask.o(.data)
    counter                                  0x20000094   Data           2  touchswitchtask.o(.data)
    .data                                    0x20000098   Section       36  bsp_ostask.o(.data)
    OSRdyGrp                                 0x20000098   Data           1  bsp_ostask.o(.data)
    OSRdyTbl                                 0x20000099   Data           8  bsp_ostask.o(.data)
    .data                                    0x200000bc   Section       36  bsp_uart.o(.data)
    .data                                    0x200000e0   Section       28  bsp_flash.o(.data)
    .data                                    0x200000fc   Section       30  bsp_adc.o(.data)
    src                                      0x20000118   Data           2  bsp_adc.o(.data)
    .data                                    0x2000011a   Section        6  bsp_pwm.o(.data)
    .bss                                     0x20000120   Section      153  bsp_ostask.o(.bss)
    OsTaskList                               0x20000120   Data         144  bsp_ostask.o(.bss)
    OsUsedList                               0x200001b0   Data           9  bsp_ostask.o(.bss)
    .bss                                     0x200001bc   Section      124  bsp_uart.o(.bss)
    gSerialCfg                               0x200001bc   Data         124  bsp_uart.o(.bss)
    .bss                                     0x20000238   Section       28  bsp_flash.o(.bss)
    .bss                                     0x20000254   Section       80  bsp_adc.o(.bss)
    STACK                                    0x200002a8   Section     1024  startup_stm32f10x_md.o(STACK)

    Global Symbols

    Symbol Name                              Value     Ov Type        Size  Object(Section)

    BuildAttributes$$THM_ISAv4$P$D$K$B$S$PE$A:L22UL41UL21$X:L11$S22US41US21$IEEE1$IW$USESV6$~STKCKD$USESV7$~SHL$OSPACE$ROPI$EBA8$MICROLIB$REQ8$PRES8$EABIv2 0x00000000   Number         0  anon$$obj.o ABSOLUTE
    __ARM_use_no_argv                        0x00000000   Number         0  main.o ABSOLUTE
    __cpp_initialize__aeabi_                  - Undefined Weak Reference
    __cxa_finalize                            - Undefined Weak Reference
    __decompress                              - Undefined Weak Reference
    _clock_init                               - Undefined Weak Reference
    _microlib_exit                            - Undefined Weak Reference
    __Vectors_Size                           0x00000240   Number         0  startup_stm32f10x_md.o ABSOLUTE
    __Vectors                                0x08000000   Data           4  startup_stm32f10x_md.o(RESET)
    __Vectors_End                            0x08000240   Data           0  startup_stm32f10x_md.o(RESET)
    __main                                   0x08000241   Thumb Code     0  entry.o(.ARM.Collect$$$$00000000)
    _main_stk                                0x08000241   Thumb Code     0  entry2.o(.ARM.Collect$$$$00000001)
    _main_scatterload                        0x08000245   Thumb Code     0  entry5.o(.ARM.Collect$$$$00000004)
    __main_after_scatterload                 0x08000249   Thumb Code     0  entry5.o(.ARM.Collect$$$$00000004)
    _main_clock                              0x08000249   Thumb Code     0  entry7b.o(.ARM.Collect$$$$00000008)
    _main_cpp_init                           0x08000249   Thumb Code     0  entry8b.o(.ARM.Collect$$$$0000000A)
    _main_init                               0x08000249   Thumb Code     0  entry9a.o(.ARM.Collect$$$$0000000B)
    __rt_final_cpp                           0x08000251   Thumb Code     0  entry10a.o(.ARM.Collect$$$$0000000D)
    __rt_final_exit                          0x08000251   Thumb Code     0  entry11a.o(.ARM.Collect$$$$0000000F)
    Reset_Handler                            0x08000255   Thumb Code     8  startup_stm32f10x_md.o(.text)
    ADC1_2_IRQHandler                        0x0800026f   Thumb Code     0  startup_stm32f10x_md.o(.text)
    CAN1_RX1_IRQHandler                      0x0800026f   Thumb Code     0  startup_stm32f10x_md.o(.text)
    CAN1_SCE_IRQHandler                      0x0800026f   Thumb Code     0  startup_stm32f10x_md.o(.text)
    DMA1_Channel1_IRQHandler                 0x0800026f   Thumb Code     0  startup_stm32f10x_md.o(.text)
    DMA1_Channel2_IRQHandler                 0x0800026f   Thumb Code     0  startup_stm32f10x_md.o(.text)
    DMA1_Channel3_IRQHandler                 0x0800026f   Thumb Code     0  startup_stm32f10x_md.o(.text)
    DMA1_Channel4_IRQHandler                 0x0800026f   Thumb Code     0  startup_stm32f10x_md.o(.text)
    DMA1_Channel5_IRQHandler                 0x0800026f   Thumb Code     0  startup_stm32f10x_md.o(.text)
    DMA1_Channel6_IRQHandler                 0x0800026f   Thumb Code     0  startup_stm32f10x_md.o(.text)
    DMA1_Channel7_IRQHandler                 0x0800026f   Thumb Code     0  startup_stm32f10x_md.o(.text)
    EXTI0_IRQHandler                         0x0800026f   Thumb Code     0  startup_stm32f10x_md.o(.text)
    EXTI15_10_IRQHandler                     0x0800026f   Thumb Code     0  startup_stm32f10x_md.o(.text)
    EXTI1_IRQHandler                         0x0800026f   Thumb Code     0  startup_stm32f10x_md.o(.text)
    EXTI2_IRQHandler                         0x0800026f   Thumb Code     0  startup_stm32f10x_md.o(.text)
    EXTI3_IRQHandler                         0x0800026f   Thumb Code     0  startup_stm32f10x_md.o(.text)
    EXTI4_IRQHandler                         0x0800026f   Thumb Code     0  startup_stm32f10x_md.o(.text)
    EXTI9_5_IRQHandler                       0x0800026f   Thumb Code     0  startup_stm32f10x_md.o(.text)
    FLASH_IRQHandler                         0x0800026f   Thumb Code     0  startup_stm32f10x_md.o(.text)
    I2C1_ER_IRQHandler                       0x0800026f   Thumb Code     0  startup_stm32f10x_md.o(.text)
    I2C1_EV_IRQHandler                       0x0800026f   Thumb Code     0  startup_stm32f10x_md.o(.text)
    I2C2_ER_IRQHandler                       0x0800026f   Thumb Code     0  startup_stm32f10x_md.o(.text)
    I2C2_EV_IRQHandler                       0x0800026f   Thumb Code     0  startup_stm32f10x_md.o(.text)
    PVD_IRQHandler                           0x0800026f   Thumb Code     0  startup_stm32f10x_md.o(.text)
    RCC_IRQHandler                           0x0800026f   Thumb Code     0  startup_stm32f10x_md.o(.text)
    RTCAlarm_IRQHandler                      0x0800026f   Thumb Code     0  startup_stm32f10x_md.o(.text)
    RTC_IRQHandler                           0x0800026f   Thumb Code     0  startup_stm32f10x_md.o(.text)
    SPI1_IRQHandler                          0x0800026f   Thumb Code     0  startup_stm32f10x_md.o(.text)
    SPI2_IRQHandler                          0x0800026f   Thumb Code     0  startup_stm32f10x_md.o(.text)
    TAMPER_IRQHandler                        0x0800026f   Thumb Code     0  startup_stm32f10x_md.o(.text)
    TIM1_BRK_IRQHandler                      0x0800026f   Thumb Code     0  startup_stm32f10x_md.o(.text)
    TIM1_CC_IRQHandler                       0x0800026f   Thumb Code     0  startup_stm32f10x_md.o(.text)
    TIM1_TRG_COM_IRQHandler                  0x0800026f   Thumb Code     0  startup_stm32f10x_md.o(.text)
    TIM1_UP_IRQHandler                       0x0800026f   Thumb Code     0  startup_stm32f10x_md.o(.text)
    TIM2_IRQHandler                          0x0800026f   Thumb Code     0  startup_stm32f10x_md.o(.text)
    TIM3_IRQHandler                          0x0800026f   Thumb Code     0  startup_stm32f10x_md.o(.text)
    TIM4_IRQHandler                          0x0800026f   Thumb Code     0  startup_stm32f10x_md.o(.text)
    USART3_IRQHandler                        0x0800026f   Thumb Code     0  startup_stm32f10x_md.o(.text)
    USBWakeUp_IRQHandler                     0x0800026f   Thumb Code     0  startup_stm32f10x_md.o(.text)
    USB_HP_CAN1_TX_IRQHandler                0x0800026f   Thumb Code     0  startup_stm32f10x_md.o(.text)
    USB_LP_CAN1_RX0_IRQHandler               0x0800026f   Thumb Code     0  startup_stm32f10x_md.o(.text)
    WWDG_IRQHandler                          0x0800026f   Thumb Code     0  startup_stm32f10x_md.o(.text)
    __aeabi_memcpy                           0x08000279   Thumb Code    36  memcpya.o(.text)
    __aeabi_memcpy4                          0x08000279   Thumb Code     0  memcpya.o(.text)
    __aeabi_memcpy8                          0x08000279   Thumb Code     0  memcpya.o(.text)
    __aeabi_dmul                             0x0800029d   Thumb Code   228  dmul.o(.text)
    __aeabi_ddiv                             0x08000381   Thumb Code   222  ddiv.o(.text)
    __aeabi_ui2d                             0x0800045f   Thumb Code    26  dfltui.o(.text)
    __aeabi_d2iz                             0x08000479   Thumb Code    62  dfixi.o(.text)
    __aeabi_llsr                             0x080004b7   Thumb Code    32  llushr.o(.text)
    _ll_ushift_r                             0x080004b7   Thumb Code     0  llushr.o(.text)
    __I$use$fp                               0x080004d7   Thumb Code     0  iusefp.o(.text)
    _double_round                            0x080004d7   Thumb Code    30  depilogue.o(.text)
    _double_epilogue                         0x080004f5   Thumb Code   156  depilogue.o(.text)
    __scatterload                            0x08000591   Thumb Code    28  init.o(.text)
    __scatterload_rt2                        0x08000591   Thumb Code     0  init.o(.text)
    __aeabi_llsl                             0x080005b5   Thumb Code    30  llshl.o(.text)
    _ll_shift_l                              0x080005b5   Thumb Code     0  llshl.o(.text)
    AD9833_Init_GPIO                         0x080005e1   Thumb Code    40  bsp_ad9833.o(i.AD9833_Init_GPIO)
    AD9833_WaveSeting                        0x0800060d   Thumb Code   214  bsp_ad9833.o(i.AD9833_WaveSeting)
    AD9833_WaveSeting2                       0x080006ed   Thumb Code   192  bsp_ad9833.o(i.AD9833_WaveSeting2)
    AD9833_Write                             0x080007b5   Thumb Code   116  bsp_ad9833.o(i.AD9833_Write)
    ADC1_Configuration                       0x0800082d   Thumb Code   178  bsp_adc.o(i.ADC1_Configuration)
    ADCIO_Configuration                      0x080008e5   Thumb Code    24  bsp_adc.o(i.ADCIO_Configuration)
    ADC_Cmd                                  0x08000901   Thumb Code    22  stm32f10x_adc.o(i.ADC_Cmd)
    ADC_DMACmd                               0x08000917   Thumb Code    22  stm32f10x_adc.o(i.ADC_DMACmd)
    ADC_DeInit                               0x0800092d   Thumb Code    78  stm32f10x_adc.o(i.ADC_DeInit)
    ADC_GetCalibrationStatus                 0x08000989   Thumb Code    20  stm32f10x_adc.o(i.ADC_GetCalibrationStatus)
    ADC_GetResetCalibrationStatus            0x0800099d   Thumb Code    20  stm32f10x_adc.o(i.ADC_GetResetCalibrationStatus)
    ADC_Init                                 0x080009b1   Thumb Code    70  stm32f10x_adc.o(i.ADC_Init)
    ADC_RegularChannelConfig                 0x08000a01   Thumb Code   184  stm32f10x_adc.o(i.ADC_RegularChannelConfig)
    ADC_ResetCalibration                     0x08000ab9   Thumb Code    10  stm32f10x_adc.o(i.ADC_ResetCalibration)
    ADC_SoftwareStartConvCmd                 0x08000ac3   Thumb Code    22  stm32f10x_adc.o(i.ADC_SoftwareStartConvCmd)
    ADC_StartCalibration                     0x08000ad9   Thumb Code    10  stm32f10x_adc.o(i.ADC_StartCalibration)
    AlrmValueCheck                           0x08000ae5   Thumb Code    38  cyctask.o(i.AlrmValueCheck)
    BusFault_Handler                         0x08000b7d   Thumb Code     4  stm32f10x_it.o(i.BusFault_Handler)
    BuzzerSound                              0x08000b81   Thumb Code   108  touchswitchtask.o(i.BuzzerSound)
    ClearTaskPrio                            0x08000bf9   Thumb Code   128  bsp_ostask.o(i.ClearTaskPrio)
    CycTask                                  0x08000c89   Thumb Code   304  cyctask.o(i.CycTask)
    CycTask_Creat                            0x08000de5   Thumb Code    24  cyctask.o(i.CycTask_Creat)
    DMA_Cmd                                  0x08000e09   Thumb Code    24  stm32f10x_dma.o(i.DMA_Cmd)
    DMA_Configuration                        0x08000e21   Thumb Code    74  bsp_adc.o(i.DMA_Configuration)
    DMA_DeInit                               0x08000e79   Thumb Code   324  stm32f10x_dma.o(i.DMA_DeInit)
    DMA_Init                                 0x08000fc5   Thumb Code    60  stm32f10x_dma.o(i.DMA_Init)
    DebugMon_Handler                         0x08001001   Thumb Code     2  stm32f10x_it.o(i.DebugMon_Handler)
    DigTubeDisplay                           0x08001005   Thumb Code  1164  displaytask.o(i.DigTubeDisplay)
    DisplayTask_Creat                        0x080014a1   Thumb Code    24  displaytask.o(i.DisplayTask_Creat)
    FLASH_ClearFlag                          0x080014c5   Thumb Code     6  stm32f10x_flash.o(i.FLASH_ClearFlag)
    FLASH_ErasePage                          0x080014d1   Thumb Code    72  stm32f10x_flash.o(i.FLASH_ErasePage)
    FLASH_GetBank1Status                     0x0800151d   Thumb Code    48  stm32f10x_flash.o(i.FLASH_GetBank1Status)
    FLASH_ProgramWord                        0x08001551   Thumb Code   102  stm32f10x_flash.o(i.FLASH_ProgramWord)
    FLASH_Unlock                             0x080015bd   Thumb Code    12  stm32f10x_flash.o(i.FLASH_Unlock)
    FLASH_WaitForLastOperation               0x080015d5   Thumb Code    38  stm32f10x_flash.o(i.FLASH_WaitForLastOperation)
    FlushCursorIncreas                       0x080015fd   Thumb Code    24  displaytask.o(i.FlushCursorIncreas)
    FrequencySweep                           0x08001619   Thumb Code   376  cyctask.o(i.FrequencySweep)
    GPIO_Init                                0x080017c1   Thumb Code   278  stm32f10x_gpio.o(i.GPIO_Init)
    GPIO_PinRemapConfig                      0x080018d9   Thumb Code   138  stm32f10x_gpio.o(i.GPIO_PinRemapConfig)
    GPIO_ReadInputDataBit                    0x08001969   Thumb Code    18  stm32f10x_gpio.o(i.GPIO_ReadInputDataBit)
    GPIO_ResetBits                           0x0800197b   Thumb Code     4  stm32f10x_gpio.o(i.GPIO_ResetBits)
    GPIO_SetBits                             0x0800197f   Thumb Code     4  stm32f10x_gpio.o(i.GPIO_SetBits)
    GetTaskTopPrio                           0x08001985   Thumb Code    26  bsp_ostask.o(i.GetTaskTopPrio)
    GetVolt                                  0x080019ad   Thumb Code    22  bsp_adc.o(i.GetVolt)
    HC595_CS                                 0x080019c5   Thumb Code    82  bsp_595.o(i.HC595_CS)
    HC595_GPIO_Config                        0x08001a1d   Thumb Code   188  bsp_595.o(i.HC595_GPIO_Config)
    HC595_Send_Byte                          0x08001add   Thumb Code   172  bsp_595.o(i.HC595_Send_Byte)
    HC595_Send_Multi_Byte                    0x08001b8d   Thumb Code    82  bsp_595.o(i.HC595_Send_Multi_Byte)
    HardFault_Handler                        0x08001bdf   Thumb Code     4  stm32f10x_it.o(i.HardFault_Handler)
    InitOsTaskList                           0x08001be3   Thumb Code     2  bsp_ostask.o(i.InitOsTaskList)
    Init_ADC1                                0x08001be5   Thumb Code    32  bsp_adc.o(i.Init_ADC1)
    MemManage_Handler                        0x08001c0d   Thumb Code     4  stm32f10x_it.o(i.MemManage_Handler)
    NMI_Handler                              0x08001c11   Thumb Code     2  stm32f10x_it.o(i.NMI_Handler)
    NVIC_Init                                0x08001c15   Thumb Code   100  misc.o(i.NVIC_Init)
    NVIC_PriorityGroupConfig                 0x08001c85   Thumb Code    10  misc.o(i.NVIC_PriorityGroupConfig)
    NVIC_SetVectorTable                      0x08001c99   Thumb Code    12  misc.o(i.NVIC_SetVectorTable)
    OsTaskListProcess                        0x08001cad   Thumb Code    78  bsp_ostask.o(i.OsTaskListProcess)
    OsTaskRun                                0x08001d05   Thumb Code    30  bsp_ostask.o(i.OsTaskRun)
    PendSV_Handler                           0x08001d29   Thumb Code     2  stm32f10x_it.o(i.PendSV_Handler)
    RCC_ADCCLKConfig                         0x08001d2d   Thumb Code    18  stm32f10x_rcc.o(i.RCC_ADCCLKConfig)
    RCC_AHBPeriphClockCmd                    0x08001d45   Thumb Code    26  stm32f10x_rcc.o(i.RCC_AHBPeriphClockCmd)
    RCC_APB1PeriphClockCmd                   0x08001d65   Thumb Code    26  stm32f10x_rcc.o(i.RCC_APB1PeriphClockCmd)
    RCC_APB2PeriphClockCmd                   0x08001d85   Thumb Code    26  stm32f10x_rcc.o(i.RCC_APB2PeriphClockCmd)
    RCC_APB2PeriphResetCmd                   0x08001da5   Thumb Code    26  stm32f10x_rcc.o(i.RCC_APB2PeriphResetCmd)
    RCC_Configuration                        0x08001dc5   Thumb Code     8  main.o(i.RCC_Configuration)
    RCC_GetClocksFreq                        0x08001dcd   Thumb Code   192  stm32f10x_rcc.o(i.RCC_GetClocksFreq)
    RegisterSystemTask                       0x08001ea1   Thumb Code    60  bsp_ostask.o(i.RegisterSystemTask)
    SVC_Handler                              0x08001ee5   Thumb Code     2  stm32f10x_it.o(i.SVC_Handler)
    S_FlushCursorIncreas                     0x08001ee9   Thumb Code    24  displaytask.o(i.S_FlushCursorIncreas)
    SelfTest                                 0x08001f05   Thumb Code   144  cyctask.o(i.SelfTest)
    SerialBsp_IRQnDisable                    0x08002063   Thumb Code    42  bsp_uart.o(i.SerialBsp_IRQnDisable)
    SerialBsp_IRQnEnable                     0x0800208d   Thumb Code    40  bsp_uart.o(i.SerialBsp_IRQnEnable)
    SerialBsp_Open                           0x080020f5   Thumb Code    16  bsp_uart.o(i.SerialBsp_Open)
    SerialBsp_cfg                            0x08002105   Thumb Code    44  bsp_uart.o(i.SerialBsp_cfg)
    SerialBsp_close                          0x08002135   Thumb Code    16  bsp_uart.o(i.SerialBsp_close)
    SerialBsp_intHandler                     0x08002145   Thumb Code   426  bsp_uart.o(i.SerialBsp_intHandler)
    SerialBsp_read                           0x080022fd   Thumb Code    60  bsp_uart.o(i.SerialBsp_read)
    SerialBsp_setbaud                        0x0800233d   Thumb Code   100  bsp_uart.o(i.SerialBsp_setbaud)
    SerialBsp_tick                           0x080023a5   Thumb Code    84  bsp_uart.o(i.SerialBsp_tick)
    SerialBsp_wirte                          0x080023fd   Thumb Code    96  bsp_uart.o(i.SerialBsp_wirte)
    SetBuzzerSoundTimes                      0x08002465   Thumb Code    14  touchswitchtask.o(i.SetBuzzerSoundTimes)
    SetCycTaskState                          0x08002479   Thumb Code     6  cyctask.o(i.SetCycTaskState)
    SetDisplayType                           0x08002485   Thumb Code     6  displaytask.o(i.SetDisplayType)
    SetPwmDuty                               0x08002491   Thumb Code    62  bsp_pwm.o(i.SetPwmDuty)
    SetTaskPrio                              0x080025c1   Thumb Code    46  bsp_ostask.o(i.SetTaskPrio)
    SetVector                                0x080025fd   Thumb Code    14  main.o(i.SetVector)
    SwitchCheck                              0x0800260d   Thumb Code  1810  touchswitchtask.o(i.SwitchCheck)
    SwitchIOInit                             0x08002d35   Thumb Code    26  touchswitchtask.o(i.SwitchIOInit)
    SysLedRun                                0x08002d55   Thumb Code    18  displaytask.o(i.SysLedRun)
    SysTick_Handler                          0x08002d6d   Thumb Code    60  stm32f10x_it.o(i.SysTick_Handler)
    SystemInit                               0x08002db5   Thumb Code    78  system_stm32f10x.o(i.SystemInit)
    TIM3_PWM_Init                            0x08002e15   Thumb Code   130  bsp_pwm.o(i.TIM3_PWM_Init)
    TIM3_PWM_Open                            0x08002ea5   Thumb Code    12  bsp_pwm.o(i.TIM3_PWM_Open)
    TIM_Cmd                                  0x08002eb5   Thumb Code    24  stm32f10x_tim.o(i.TIM_Cmd)
    TIM_OC2Init                              0x08002ecd   Thumb Code   154  stm32f10x_tim.o(i.TIM_OC2Init)
    TIM_OC2PreloadConfig                     0x08002f71   Thumb Code    26  stm32f10x_tim.o(i.TIM_OC2PreloadConfig)
    TIM_TimeBaseInit                         0x08002f8d   Thumb Code   122  stm32f10x_tim.o(i.TIM_TimeBaseInit)
    TouchIOInit                              0x08003031   Thumb Code    80  touchswitchtask.o(i.TouchIOInit)
    TouchTask                                0x08003089   Thumb Code    12  touchswitchtask.o(i.TouchTask)
    TouchTask_Creat                          0x08003095   Thumb Code    18  touchswitchtask.o(i.TouchTask_Creat)
    USART1_IRQHandler                        0x080030b1   Thumb Code     2  stm32f10x_it.o(i.USART1_IRQHandler)
    USART2_IRQHandler                        0x080030b5   Thumb Code    12  stm32f10x_it.o(i.USART2_IRQHandler)
    USART_ClearITPendingBit                  0x080030c5   Thumb Code    30  stm32f10x_usart.o(i.USART_ClearITPendingBit)
    USART_Cmd                                0x080030e3   Thumb Code    24  stm32f10x_usart.o(i.USART_Cmd)
    USART_Config                             0x080030fb   Thumb Code    86  bsp_uart.o(i.USART_Config)
    USART_GetITStatus                        0x08003151   Thumb Code    84  stm32f10x_usart.o(i.USART_GetITStatus)
    USART_GpioInit                           0x080031a5   Thumb Code   172  bsp_uart.o(i.USART_GpioInit)
    USART_ITConfig                           0x08003259   Thumb Code    74  stm32f10x_usart.o(i.USART_ITConfig)
    USART_Init                               0x080032a5   Thumb Code   210  stm32f10x_usart.o(i.USART_Init)
    USART_Open                               0x0800337d   Thumb Code    40  bsp_uart.o(i.USART_Open)
    USART_ReceiveData                        0x080033a5   Thumb Code    10  stm32f10x_usart.o(i.USART_ReceiveData)
    USART_RxMode                             0x080033b1   Thumb Code    30  bsp_uart.o(i.USART_RxMode)
    USART_SendData                           0x080033dd   Thumb Code     8  stm32f10x_usart.o(i.USART_SendData)
    USART_TxMode                             0x080033e5   Thumb Code    12  bsp_uart.o(i.USART_TxMode)
    UsageFault_Handler                       0x080033f5   Thumb Code     4  stm32f10x_it.o(i.UsageFault_Handler)
    __scatterload_copy                       0x080033f9   Thumb Code    14  handlers.o(i.__scatterload_copy)
    __scatterload_null                       0x08003407   Thumb Code     2  handlers.o(i.__scatterload_null)
    __scatterload_zeroinit                   0x08003409   Thumb Code    14  handlers.o(i.__scatterload_zeroinit)
    delay_ms                                 0x08003417   Thumb Code    20  main.o(i.delay_ms)
    delayn                                   0x0800342b   Thumb Code    12  cyctask.o(i.delayn)
    delayt                                   0x08003437   Thumb Code    12  bsp_595.o(i.delayt)
    falshCheck                               0x08003445   Thumb Code    56  bsp_flash.o(i.falshCheck)
    filter                                   0x08003489   Thumb Code    58  bsp_adc.o(i.filter)
    flash_read                               0x080034cd   Thumb Code    50  bsp_flash.o(i.flash_read)
    flash_write                              0x080034ff   Thumb Code   178  bsp_flash.o(i.flash_write)
    getRealAdcValue                          0x080035b1   Thumb Code    20  bsp_adc.o(i.getRealAdcValue)
    getSwitchPos                             0x080035c9   Thumb Code   290  touchswitchtask.o(i.getSwitchPos)
    isTouchPushed                            0x0800371d   Thumb Code    36  touchswitchtask.o(i.isTouchPushed)
    ledDisplay                               0x08003745   Thumb Code   484  displaytask.o(i.ledDisplay)
    main                                     0x08003931   Thumb Code   182  main.o(i.main)
    softStartF                               0x08003a09   Thumb Code    72  cyctask.o(i.softStartF)
    NumCode                                  0x08003a54   Data          10  displaytask.o(.constdata)
    AsciiCode                                0x08003a5e   Data           5  displaytask.o(.constdata)
    OSMapTbl                                 0x08003a63   Data           8  bsp_ostask.o(.constdata)
    OSUnMapTbl                               0x08003a6b   Data         256  bsp_ostask.o(.constdata)
    Region$$Table$$Base                      0x08003b7c   Number         0  anon$$obj.o(Region$$Table)
    Region$$Table$$Limit                     0x08003b9c   Number         0  anon$$obj.o(Region$$Table)
    cntt                                     0x20000000   Data           4  stm32f10x_it.o(.data)
    tme                                      0x20000004   Data           2  stm32f10x_it.o(.data)
    SystemCoreClock                          0x2000001c   Data           4  system_stm32f10x.o(.data)
    AHBPrescTable                            0x20000020   Data          16  system_stm32f10x.o(.data)
    AlarmCode                                0x20000030   Data           1  cyctask.o(.data)
    PWRFlag                                  0x20000032   Data           1  cyctask.o(.data)
    VFB                                      0x20000034   Data           2  cyctask.o(.data)
    maxVFB                                   0x20000036   Data           2  cyctask.o(.data)
    SecmaxVFB                                0x20000038   Data           2  cyctask.o(.data)
    soft_flag                                0x2000003a   Data           1  cyctask.o(.data)
    TrackingFlag                             0x2000003b   Data           1  cyctask.o(.data)
    search_flag                              0x2000003c   Data           1  cyctask.o(.data)
    Trackstep                                0x2000003d   Data           1  cyctask.o(.data)
    DisType                                  0x2000006a   Data           1  displaytask.o(.data)
    FlushCursor                              0x2000006b   Data           1  displaytask.o(.data)
    Vout                                     0x2000006c   Data           2  displaytask.o(.data)
    TubeBuff                                 0x2000006e   Data           2  displaytask.o(.data)
    LedBuff                                  0x20000070   Data           4  displaytask.o(.data)
    test_flag                                0x20000078   Data           1  touchswitchtask.o(.data)
    pre_pos                                  0x2000007a   Data           1  touchswitchtask.o(.data)
    duty_test                                0x2000007c   Data           2  touchswitchtask.o(.data)
    BuzzerFlag                               0x2000007e   Data           2  touchswitchtask.o(.data)
    SystemState                              0x20000080   Data           1  touchswitchtask.o(.data)
    pOsTaskList                              0x200000a4   Data           4  bsp_ostask.o(.data)
    gTaskCfgMgEvent                          0x200000a8   Data          20  bsp_ostask.o(.data)
    gSerialMgEvent                           0x200000bc   Data          36  bsp_uart.o(.data)
    SysConfig                                0x200000e0   Data          28  bsp_flash.o(.data)
    value                                    0x200000fc   Data           8  bsp_adc.o(.data)
    valueMax                                 0x20000104   Data           8  bsp_adc.o(.data)
    After_filter                             0x2000010c   Data           8  bsp_adc.o(.data)
    i                                        0x20000114   Data           4  bsp_adc.o(.data)
    gfrequency                               0x2000011a   Data           2  bsp_pwm.o(.data)
    gRate                                    0x2000011c   Data           2  bsp_pwm.o(.data)
    displayDuty                              0x2000011e   Data           2  bsp_pwm.o(.data)
    DispPara                                 0x20000238   Data          28  bsp_flash.o(.bss)
    AD_Value                                 0x20000254   Data          80  bsp_adc.o(.bss)
    __initial_sp                             0x200006a8   Data           0  startup_stm32f10x_md.o(STACK)



==============================================================================

Memory Map of the image

  Image Entry point : 0x08000241

  Load Region LR_IROM1 (Base: 0x08000000, Size: 0x00003cbc, Max: 0x00010000, ABSOLUTE)

    Execution Region ER_IROM1 (Exec base: 0x08000000, Load base: 0x08000000, Size: 0x00003b9c, Max: 0x00010000, ABSOLUTE)

    Exec Addr    Load Addr    Size         Type   Attr      Idx    E Section Name        Object

    0x08000000   0x08000000   0x00000240   Data   RO         4169    RESET               startup_stm32f10x_md.o
    0x08000240   0x08000240   0x00000000   Code   RO         5218  * .ARM.Collect$$$$00000000  mc_w.l(entry.o)
    0x08000240   0x08000240   0x00000004   Code   RO         5239    .ARM.Collect$$$$00000001  mc_w.l(entry2.o)
    0x08000244   0x08000244   0x00000004   Code   RO         5242    .ARM.Collect$$$$00000004  mc_w.l(entry5.o)
    0x08000248   0x08000248   0x00000000   Code   RO         5244    .ARM.Collect$$$$00000008  mc_w.l(entry7b.o)
    0x08000248   0x08000248   0x00000000   Code   RO         5246    .ARM.Collect$$$$0000000A  mc_w.l(entry8b.o)
    0x08000248   0x08000248   0x00000008   Code   RO         5247    .ARM.Collect$$$$0000000B  mc_w.l(entry9a.o)
    0x08000250   0x08000250   0x00000000   Code   RO         5249    .ARM.Collect$$$$0000000D  mc_w.l(entry10a.o)
    0x08000250   0x08000250   0x00000000   Code   RO         5251    .ARM.Collect$$$$0000000F  mc_w.l(entry11a.o)
    0x08000250   0x08000250   0x00000004   Code   RO         5240    .ARM.Collect$$$$00002712  mc_w.l(entry2.o)
    0x08000254   0x08000254   0x00000024   Code   RO         4170    .text               startup_stm32f10x_md.o
    0x08000278   0x08000278   0x00000024   Code   RO         5221    .text               mc_w.l(memcpya.o)
    0x0800029c   0x0800029c   0x000000e4   Code   RO         5225    .text               mf_w.l(dmul.o)
    0x08000380   0x08000380   0x000000de   Code   RO         5227    .text               mf_w.l(ddiv.o)
    0x0800045e   0x0800045e   0x0000001a   Code   RO         5231    .text               mf_w.l(dfltui.o)
    0x08000478   0x08000478   0x0000003e   Code   RO         5233    .text               mf_w.l(dfixi.o)
    0x080004b6   0x080004b6   0x00000020   Code   RO         5253    .text               mc_w.l(llushr.o)
    0x080004d6   0x080004d6   0x00000000   Code   RO         5255    .text               mc_w.l(iusefp.o)
    0x080004d6   0x080004d6   0x000000ba   Code   RO         5256    .text               mf_w.l(depilogue.o)
    0x08000590   0x08000590   0x00000024   Code   RO         5258    .text               mc_w.l(init.o)
    0x080005b4   0x080005b4   0x0000001e   Code   RO         5260    .text               mc_w.l(llshl.o)
    0x080005d2   0x080005d2   0x0000000e   Code   RO         4986    i.AD9833_Delay      bsp_ad9833.o
    0x080005e0   0x080005e0   0x0000002c   Code   RO         4987    i.AD9833_Init_GPIO  bsp_ad9833.o
    0x0800060c   0x0800060c   0x000000e0   Code   RO         4988    i.AD9833_WaveSeting  bsp_ad9833.o
    0x080006ec   0x080006ec   0x000000c8   Code   RO         4989    i.AD9833_WaveSeting2  bsp_ad9833.o
    0x080007b4   0x080007b4   0x00000078   Code   RO         4990    i.AD9833_Write      bsp_ad9833.o
    0x0800082c   0x0800082c   0x000000b8   Code   RO         5026    i.ADC1_Configuration  bsp_adc.o
    0x080008e4   0x080008e4   0x0000001c   Code   RO         5027    i.ADCIO_Configuration  bsp_adc.o
    0x08000900   0x08000900   0x00000016   Code   RO         1716    i.ADC_Cmd           stm32f10x_adc.o
    0x08000916   0x08000916   0x00000016   Code   RO         1717    i.ADC_DMACmd        stm32f10x_adc.o
    0x0800092c   0x0800092c   0x0000005c   Code   RO         1718    i.ADC_DeInit        stm32f10x_adc.o
    0x08000988   0x08000988   0x00000014   Code   RO         1724    i.ADC_GetCalibrationStatus  stm32f10x_adc.o
    0x0800099c   0x0800099c   0x00000014   Code   RO         1730    i.ADC_GetResetCalibrationStatus  stm32f10x_adc.o
    0x080009b0   0x080009b0   0x00000050   Code   RO         1734    i.ADC_Init          stm32f10x_adc.o
    0x08000a00   0x08000a00   0x000000b8   Code   RO         1738    i.ADC_RegularChannelConfig  stm32f10x_adc.o
    0x08000ab8   0x08000ab8   0x0000000a   Code   RO         1739    i.ADC_ResetCalibration  stm32f10x_adc.o
    0x08000ac2   0x08000ac2   0x00000016   Code   RO         1741    i.ADC_SoftwareStartConvCmd  stm32f10x_adc.o
    0x08000ad8   0x08000ad8   0x0000000a   Code   RO         1743    i.ADC_StartCalibration  stm32f10x_adc.o
    0x08000ae2   0x08000ae2   0x00000002   PAD
    0x08000ae4   0x08000ae4   0x00000030   Code   RO         4174    i.AlrmValueCheck    cyctask.o
    0x08000b14   0x08000b14   0x0000002c   Code   RO          198    i.App_ObjCreate     main.o
    0x08000b40   0x08000b40   0x00000010   Code   RO          199    i.App_TaskCreate    main.o
    0x08000b50   0x08000b50   0x0000002c   Code   RO          200    i.BSP_SysInit       main.o
    0x08000b7c   0x08000b7c   0x00000004   Code   RO            1    i.BusFault_Handler  stm32f10x_it.o
    0x08000b80   0x08000b80   0x00000078   Code   RO         4463    i.BuzzerSound       touchswitchtask.o
    0x08000bf8   0x08000bf8   0x00000090   Code   RO         4533    i.ClearTaskPrio     bsp_ostask.o
    0x08000c88   0x08000c88   0x0000015c   Code   RO         4175    i.CycTask           cyctask.o
    0x08000de4   0x08000de4   0x00000024   Code   RO         4176    i.CycTask_Creat     cyctask.o
    0x08000e08   0x08000e08   0x00000018   Code   RO         1430    i.DMA_Cmd           stm32f10x_dma.o
    0x08000e20   0x08000e20   0x00000058   Code   RO         5029    i.DMA_Configuration  bsp_adc.o
    0x08000e78   0x08000e78   0x0000014c   Code   RO         1431    i.DMA_DeInit        stm32f10x_dma.o
    0x08000fc4   0x08000fc4   0x0000003c   Code   RO         1436    i.DMA_Init          stm32f10x_dma.o
    0x08001000   0x08001000   0x00000002   Code   RO            2    i.DebugMon_Handler  stm32f10x_it.o
    0x08001002   0x08001002   0x00000002   PAD
    0x08001004   0x08001004   0x0000049c   Code   RO         4351    i.DigTubeDisplay    displaytask.o
    0x080014a0   0x080014a0   0x00000024   Code   RO         4352    i.DisplayTask_Creat  displaytask.o
    0x080014c4   0x080014c4   0x0000000c   Code   RO         2420    i.FLASH_ClearFlag   stm32f10x_flash.o
    0x080014d0   0x080014d0   0x0000004c   Code   RO         2425    i.FLASH_ErasePage   stm32f10x_flash.o
    0x0800151c   0x0800151c   0x00000034   Code   RO         2426    i.FLASH_GetBank1Status  stm32f10x_flash.o
    0x08001550   0x08001550   0x0000006c   Code   RO         2440    i.FLASH_ProgramWord  stm32f10x_flash.o
    0x080015bc   0x080015bc   0x00000018   Code   RO         2443    i.FLASH_Unlock      stm32f10x_flash.o
    0x080015d4   0x080015d4   0x00000026   Code   RO         2447    i.FLASH_WaitForLastOperation  stm32f10x_flash.o
    0x080015fa   0x080015fa   0x00000002   PAD
    0x080015fc   0x080015fc   0x0000001c   Code   RO         4353    i.FlushCursorIncreas  displaytask.o
    0x08001618   0x08001618   0x000001a8   Code   RO         4177    i.FrequencySweep    cyctask.o
    0x080017c0   0x080017c0   0x00000116   Code   RO          576    i.GPIO_Init         stm32f10x_gpio.o
    0x080018d6   0x080018d6   0x00000002   PAD
    0x080018d8   0x080018d8   0x00000090   Code   RO          578    i.GPIO_PinRemapConfig  stm32f10x_gpio.o
    0x08001968   0x08001968   0x00000012   Code   RO          580    i.GPIO_ReadInputDataBit  stm32f10x_gpio.o
    0x0800197a   0x0800197a   0x00000004   Code   RO          583    i.GPIO_ResetBits    stm32f10x_gpio.o
    0x0800197e   0x0800197e   0x00000004   Code   RO          584    i.GPIO_SetBits      stm32f10x_gpio.o
    0x08001982   0x08001982   0x00000002   PAD
    0x08001984   0x08001984   0x00000028   Code   RO         4534    i.GetTaskTopPrio    bsp_ostask.o
    0x080019ac   0x080019ac   0x00000016   Code   RO         5030    i.GetVolt           bsp_adc.o
    0x080019c2   0x080019c2   0x00000002   PAD
    0x080019c4   0x080019c4   0x00000058   Code   RO         4943    i.HC595_CS          bsp_595.o
    0x08001a1c   0x08001a1c   0x000000c0   Code   RO         4944    i.HC595_GPIO_Config  bsp_595.o
    0x08001adc   0x08001adc   0x000000b0   Code   RO         4945    i.HC595_Send_Byte   bsp_595.o
    0x08001b8c   0x08001b8c   0x00000052   Code   RO         4946    i.HC595_Send_Multi_Byte  bsp_595.o
    0x08001bde   0x08001bde   0x00000004   Code   RO            3    i.HardFault_Handler  stm32f10x_it.o
    0x08001be2   0x08001be2   0x00000002   Code   RO         4535    i.InitOsTaskList    bsp_ostask.o
    0x08001be4   0x08001be4   0x00000028   Code   RO         5031    i.Init_ADC1         bsp_adc.o
    0x08001c0c   0x08001c0c   0x00000004   Code   RO            4    i.MemManage_Handler  stm32f10x_it.o
    0x08001c10   0x08001c10   0x00000002   Code   RO            5    i.NMI_Handler       stm32f10x_it.o
    0x08001c12   0x08001c12   0x00000002   PAD
    0x08001c14   0x08001c14   0x00000070   Code   RO          690    i.NVIC_Init         misc.o
    0x08001c84   0x08001c84   0x00000014   Code   RO          691    i.NVIC_PriorityGroupConfig  misc.o
    0x08001c98   0x08001c98   0x00000014   Code   RO          692    i.NVIC_SetVectorTable  misc.o
    0x08001cac   0x08001cac   0x00000058   Code   RO         4536    i.OsTaskListProcess  bsp_ostask.o
    0x08001d04   0x08001d04   0x00000024   Code   RO         4537    i.OsTaskRun         bsp_ostask.o
    0x08001d28   0x08001d28   0x00000002   Code   RO            6    i.PendSV_Handler    stm32f10x_it.o
    0x08001d2a   0x08001d2a   0x00000002   PAD
    0x08001d2c   0x08001d2c   0x00000018   Code   RO          287    i.RCC_ADCCLKConfig  stm32f10x_rcc.o
    0x08001d44   0x08001d44   0x00000020   Code   RO          288    i.RCC_AHBPeriphClockCmd  stm32f10x_rcc.o
    0x08001d64   0x08001d64   0x00000020   Code   RO          289    i.RCC_APB1PeriphClockCmd  stm32f10x_rcc.o
    0x08001d84   0x08001d84   0x00000020   Code   RO          291    i.RCC_APB2PeriphClockCmd  stm32f10x_rcc.o
    0x08001da4   0x08001da4   0x00000020   Code   RO          292    i.RCC_APB2PeriphResetCmd  stm32f10x_rcc.o
    0x08001dc4   0x08001dc4   0x00000008   Code   RO          201    i.RCC_Configuration  main.o
    0x08001dcc   0x08001dcc   0x000000d4   Code   RO          299    i.RCC_GetClocksFreq  stm32f10x_rcc.o
    0x08001ea0   0x08001ea0   0x00000044   Code   RO         4538    i.RegisterSystemTask  bsp_ostask.o
    0x08001ee4   0x08001ee4   0x00000002   Code   RO            7    i.SVC_Handler       stm32f10x_it.o
    0x08001ee6   0x08001ee6   0x00000002   PAD
    0x08001ee8   0x08001ee8   0x0000001c   Code   RO         4354    i.S_FlushCursorIncreas  displaytask.o
    0x08001f04   0x08001f04   0x000000a0   Code   RO         4179    i.SelfTest          cyctask.o
    0x08001fa4   0x08001fa4   0x00000060   Code   RO         4774    i.SerialBsp_GetBaud  bsp_uart.o
    0x08002004   0x08002004   0x00000012   Code   RO         4775    i.SerialBsp_GetDataBits  bsp_uart.o
    0x08002016   0x08002016   0x00000026   Code   RO         4776    i.SerialBsp_GetParity  bsp_uart.o
    0x0800203c   0x0800203c   0x00000026   Code   RO         4777    i.SerialBsp_GetStopBits  bsp_uart.o
    0x08002062   0x08002062   0x0000002a   Code   RO         4778    i.SerialBsp_IRQnDisable  bsp_uart.o
    0x0800208c   0x0800208c   0x00000028   Code   RO         4779    i.SerialBsp_IRQnEnable  bsp_uart.o
    0x080020b4   0x080020b4   0x00000040   Code   RO         4780    i.SerialBsp_Init    bsp_uart.o
    0x080020f4   0x080020f4   0x00000010   Code   RO         4781    i.SerialBsp_Open    bsp_uart.o
    0x08002104   0x08002104   0x00000030   Code   RO         4782    i.SerialBsp_cfg     bsp_uart.o
    0x08002134   0x08002134   0x00000010   Code   RO         4783    i.SerialBsp_close   bsp_uart.o
    0x08002144   0x08002144   0x000001b8   Code   RO         4784    i.SerialBsp_intHandler  bsp_uart.o
    0x080022fc   0x080022fc   0x00000040   Code   RO         4785    i.SerialBsp_read    bsp_uart.o
    0x0800233c   0x0800233c   0x00000068   Code   RO         4786    i.SerialBsp_setbaud  bsp_uart.o
    0x080023a4   0x080023a4   0x00000058   Code   RO         4787    i.SerialBsp_tick    bsp_uart.o
    0x080023fc   0x080023fc   0x00000068   Code   RO         4788    i.SerialBsp_wirte   bsp_uart.o
    0x08002464   0x08002464   0x00000014   Code   RO         4464    i.SetBuzzerSoundTimes  touchswitchtask.o
    0x08002478   0x08002478   0x0000000c   Code   RO         4180    i.SetCycTaskState   cyctask.o
    0x08002484   0x08002484   0x0000000c   Code   RO         4355    i.SetDisplayType    displaytask.o
    0x08002490   0x08002490   0x00000048   Code   RO         5175    i.SetPwmDuty        bsp_pwm.o
    0x080024d8   0x080024d8   0x00000008   Code   RO         3417    i.SetSysClock       system_stm32f10x.o
    0x080024e0   0x080024e0   0x000000e0   Code   RO         3418    i.SetSysClockTo72   system_stm32f10x.o
    0x080025c0   0x080025c0   0x0000003c   Code   RO         4539    i.SetTaskPrio       bsp_ostask.o
    0x080025fc   0x080025fc   0x0000000e   Code   RO          202    i.SetVector         main.o
    0x0800260a   0x0800260a   0x00000002   PAD
    0x0800260c   0x0800260c   0x00000728   Code   RO         4465    i.SwitchCheck       touchswitchtask.o
    0x08002d34   0x08002d34   0x00000020   Code   RO         4466    i.SwitchIOInit      touchswitchtask.o
    0x08002d54   0x08002d54   0x00000018   Code   RO         4356    i.SysLedRun         displaytask.o
    0x08002d6c   0x08002d6c   0x00000048   Code   RO            8    i.SysTick_Handler   stm32f10x_it.o
    0x08002db4   0x08002db4   0x00000060   Code   RO         3420    i.SystemInit        system_stm32f10x.o
    0x08002e14   0x08002e14   0x00000090   Code   RO         5177    i.TIM3_PWM_Init     bsp_pwm.o
    0x08002ea4   0x08002ea4   0x00000010   Code   RO         5178    i.TIM3_PWM_Open     bsp_pwm.o
    0x08002eb4   0x08002eb4   0x00000018   Code   RO         2814    i.TIM_Cmd           stm32f10x_tim.o
    0x08002ecc   0x08002ecc   0x000000a4   Code   RO         2848    i.TIM_OC2Init       stm32f10x_tim.o
    0x08002f70   0x08002f70   0x0000001a   Code   RO         2851    i.TIM_OC2PreloadConfig  stm32f10x_tim.o
    0x08002f8a   0x08002f8a   0x00000002   PAD
    0x08002f8c   0x08002f8c   0x000000a4   Code   RO         2885    i.TIM_TimeBaseInit  stm32f10x_tim.o
    0x08003030   0x08003030   0x00000058   Code   RO         4467    i.TouchIOInit       touchswitchtask.o
    0x08003088   0x08003088   0x0000000c   Code   RO         4468    i.TouchTask         touchswitchtask.o
    0x08003094   0x08003094   0x0000001c   Code   RO         4469    i.TouchTask_Creat   touchswitchtask.o
    0x080030b0   0x080030b0   0x00000002   Code   RO            9    i.USART1_IRQHandler  stm32f10x_it.o
    0x080030b2   0x080030b2   0x00000002   PAD
    0x080030b4   0x080030b4   0x00000010   Code   RO           10    i.USART2_IRQHandler  stm32f10x_it.o
    0x080030c4   0x080030c4   0x0000001e   Code   RO         1057    i.USART_ClearITPendingBit  stm32f10x_usart.o
    0x080030e2   0x080030e2   0x00000018   Code   RO         1060    i.USART_Cmd         stm32f10x_usart.o
    0x080030fa   0x080030fa   0x00000056   Code   RO         4789    i.USART_Config      bsp_uart.o
    0x08003150   0x08003150   0x00000054   Code   RO         1064    i.USART_GetITStatus  stm32f10x_usart.o
    0x080031a4   0x080031a4   0x000000b4   Code   RO         4790    i.USART_GpioInit    bsp_uart.o
    0x08003258   0x08003258   0x0000004a   Code   RO         1066    i.USART_ITConfig    stm32f10x_usart.o
    0x080032a2   0x080032a2   0x00000002   PAD
    0x080032a4   0x080032a4   0x000000d8   Code   RO         1067    i.USART_Init        stm32f10x_usart.o
    0x0800337c   0x0800337c   0x00000028   Code   RO         4791    i.USART_Open        bsp_uart.o
    0x080033a4   0x080033a4   0x0000000a   Code   RO         1074    i.USART_ReceiveData  stm32f10x_usart.o
    0x080033ae   0x080033ae   0x00000002   PAD
    0x080033b0   0x080033b0   0x0000002c   Code   RO         4792    i.USART_RxMode      bsp_uart.o
    0x080033dc   0x080033dc   0x00000008   Code   RO         1077    i.USART_SendData    stm32f10x_usart.o
    0x080033e4   0x080033e4   0x00000010   Code   RO         4793    i.USART_TxMode      bsp_uart.o
    0x080033f4   0x080033f4   0x00000004   Code   RO           11    i.UsageFault_Handler  stm32f10x_it.o
    0x080033f8   0x080033f8   0x0000000e   Code   RO         5264    i.__scatterload_copy  mc_w.l(handlers.o)
    0x08003406   0x08003406   0x00000002   Code   RO         5265    i.__scatterload_null  mc_w.l(handlers.o)
    0x08003408   0x08003408   0x0000000e   Code   RO         5266    i.__scatterload_zeroinit  mc_w.l(handlers.o)
    0x08003416   0x08003416   0x00000014   Code   RO          203    i.delay_ms          main.o
    0x0800342a   0x0800342a   0x0000000c   Code   RO         4181    i.delayn            cyctask.o
    0x08003436   0x08003436   0x0000000c   Code   RO         4947    i.delayt            bsp_595.o
    0x08003442   0x08003442   0x00000002   PAD
    0x08003444   0x08003444   0x00000044   Code   RO         4908    i.falshCheck        bsp_flash.o
    0x08003488   0x08003488   0x00000044   Code   RO         5032    i.filter            bsp_adc.o
    0x080034cc   0x080034cc   0x00000032   Code   RO         4909    i.flash_read        bsp_flash.o
    0x080034fe   0x080034fe   0x000000b2   Code   RO         4910    i.flash_write       bsp_flash.o
    0x080035b0   0x080035b0   0x00000018   Code   RO         5033    i.getRealAdcValue   bsp_adc.o
    0x080035c8   0x080035c8   0x00000154   Code   RO         4470    i.getSwitchPos      touchswitchtask.o
    0x0800371c   0x0800371c   0x00000028   Code   RO         4471    i.isTouchPushed     touchswitchtask.o
    0x08003744   0x08003744   0x000001ec   Code   RO         4357    i.ledDisplay        displaytask.o
    0x08003930   0x08003930   0x000000d8   Code   RO          204    i.main              main.o
    0x08003a08   0x08003a08   0x0000004c   Code   RO         4182    i.softStartF        cyctask.o
    0x08003a54   0x08003a54   0x0000000f   Data   RO         4358    .constdata          displaytask.o
    0x08003a63   0x08003a63   0x00000108   Data   RO         4542    .constdata          bsp_ostask.o
    0x08003b6b   0x08003b6b   0x00000001   PAD
    0x08003b6c   0x08003b6c   0x0000000f   Data   RO         4795    .constdata          bsp_uart.o
    0x08003b7b   0x08003b7b   0x00000001   PAD
    0x08003b7c   0x08003b7c   0x00000020   Data   RO         5262    Region$$Table       anon$$obj.o


    Execution Region RW_IRAM1 (Exec base: 0x20000000, Load base: 0x08003b9c, Size: 0x000006a8, Max: 0x00005000, ABSOLUTE)

    Exec Addr    Load Addr    Size         Type   Attr      Idx    E Section Name        Object

    0x20000000   0x08003b9c   0x00000006   Data   RW           12    .data               stm32f10x_it.o
    0x20000006   0x08003ba2   0x00000014   Data   RW          319    .data               stm32f10x_rcc.o
    0x2000001a   0x08003bb6   0x00000002   PAD
    0x2000001c   0x08003bb8   0x00000014   Data   RW         3421    .data               system_stm32f10x.o
    0x20000030   0x08003bcc   0x0000003a   Data   RW         4184    .data               cyctask.o
    0x2000006a   0x08003c06   0x0000000e   Data   RW         4359    .data               displaytask.o
    0x20000078   0x08003c14   0x0000001e   Data   RW         4472    .data               touchswitchtask.o
    0x20000096   0x08003c32   0x00000002   PAD
    0x20000098   0x08003c34   0x00000024   Data   RW         4543    .data               bsp_ostask.o
    0x200000bc   0x08003c58   0x00000024   Data   RW         4796    .data               bsp_uart.o
    0x200000e0   0x08003c7c   0x0000001c   Data   RW         4912    .data               bsp_flash.o
    0x200000fc   0x08003c98   0x0000001e   Data   RW         5035    .data               bsp_adc.o
    0x2000011a   0x08003cb6   0x00000006   Data   RW         5180    .data               bsp_pwm.o
    0x20000120        -       0x00000099   Zero   RW         4541    .bss                bsp_ostask.o
    0x200001b9   0x08003cbc   0x00000003   PAD
    0x200001bc        -       0x0000007c   Zero   RW         4794    .bss                bsp_uart.o
    0x20000238        -       0x0000001c   Zero   RW         4911    .bss                bsp_flash.o
    0x20000254        -       0x00000050   Zero   RW         5034    .bss                bsp_adc.o
    0x200002a4   0x08003cbc   0x00000004   PAD
    0x200002a8        -       0x00000400   Zero   RW         4167    STACK               startup_stm32f10x_md.o


==============================================================================

Image component sizes


      Code (inc. data)   RO Data    RW Data    ZI Data      Debug   Object Name

       550         14          0          0          0       3202   bsp_595.o
       602         26          0          0          0       3623   bsp_ad9833.o
       454         46          0         30         80     235120   bsp_adc.o
       296         12          0         28         28       3705   bsp_flash.o
         0          0          0          0          0     239468   bsp_key.o
       438         68        264         36        153       6303   bsp_ostask.o
       232         28          0          6          0       2164   bsp_pwm.o
      1582         92         15         36        124      30779   bsp_uart.o
         0          0          0          0          0         32   core_cm3.o
      1116        146          0         58          0       7874   cyctask.o
      1800        108         15         14          0      13965   displaytask.o
       362         40          0          0          0     220401   main.o
       152         30          0          0          0       4181   misc.o
        36          8        576          0       1024        920   startup_stm32f10x_md.o
       482         24          0          0          0      17846   stm32f10x_adc.o
       416          8          0          0          0      13686   stm32f10x_dma.o
       310         32          0          0          0      11867   stm32f10x_flash.o
       448          6          0          0          0      22262   stm32f10x_gpio.o
       114         16          0          6          0       9581   stm32f10x_it.o
       364         50          0         20          0     217398   stm32f10x_rcc.o
       378         52          0          0          0      23882   stm32f10x_tim.o
       446          6          0          0          0      12885   stm32f10x_usart.o
       328         28          0         20          0      17113   system_stm32f10x.o
      2512        152          0         30          0       7097   touchswitchtask.o

    ----------------------------------------------------------------------
     13448        992        904        288       1416    1125354   Object Totals
         0          0         32          0          0          0   (incl. Generated)
        30          0          2          4          7          0   (incl. Padding)

    ----------------------------------------------------------------------

      Code (inc. data)   RO Data    RW Data    ZI Data      Debug   Library Member Name

         0          0          0          0          0          0   entry.o
         0          0          0          0          0          0   entry10a.o
         0          0          0          0          0          0   entry11a.o
         8          4          0          0          0          0   entry2.o
         4          0          0          0          0          0   entry5.o
         0          0          0          0          0          0   entry7b.o
         0          0          0          0          0          0   entry8b.o
         8          4          0          0          0          0   entry9a.o
        30          0          0          0          0          0   handlers.o
        36          8          0          0          0         68   init.o
         0          0          0          0          0          0   iusefp.o
        30          0          0          0          0         68   llshl.o
        32          0          0          0          0         68   llushr.o
        36          0          0          0          0         68   memcpya.o
       222          0          0          0          0        100   ddiv.o
       186          0          0          0          0        176   depilogue.o
        62          0          0          0          0         80   dfixi.o
        26          0          0          0          0         76   dfltui.o
       228          0          0          0          0         96   dmul.o

    ----------------------------------------------------------------------
       908         16          0          0          0        800   Library Totals
         0          0          0          0          0          0   (incl. Padding)

    ----------------------------------------------------------------------

      Code (inc. data)   RO Data    RW Data    ZI Data      Debug   Library Name

       184         16          0          0          0        272   mc_w.l
       724          0          0          0          0        528   mf_w.l

    ----------------------------------------------------------------------
       908         16          0          0          0        800   Library Totals

    ----------------------------------------------------------------------

==============================================================================


      Code (inc. data)   RO Data    RW Data    ZI Data      Debug   

     14356       1008        904        288       1416    1118870   Grand Totals
     14356       1008        904        288       1416    1118870   ELF Image Totals
     14356       1008        904        288          0          0   ROM Totals

==============================================================================

    Total RO  Size (Code + RO Data)                15260 (  14.90kB)
    Total RW  Size (RW Data + ZI Data)              1704 (   1.66kB)
    Total ROM Size (Code + RO Data + RW Data)      15548 (  15.18kB)

==============================================================================

